<?xml version="1.0" encoding="ISO-8859-1" ?>
<link_info>
   <banner>TI ARM Linker PC v20.2.7.LTS</banner>
   <copyright>Copyright (c) 1996-2018 Texas Instruments Incorporated</copyright>
   <link_time>0x669d445f</link_time>
   <link_errors>0x0</link_errors>
   <output_file>Seat_Heater_Control_System.out</output_file>
   <entry_point>
      <name>_c_int00_noargs</name>
      <address>0x62a1</address>
   </entry_point>
   <input_file_list>
      <input_file id="fl-2">
         <path>.\</path>
         <kind>object</kind>
         <file>Det.obj</file>
         <name>Det.obj</name>
      </input_file>
      <input_file id="fl-3">
         <path>.\</path>
         <kind>object</kind>
         <file>app.obj</file>
         <name>app.obj</name>
      </input_file>
      <input_file id="fl-4">
         <path>.\</path>
         <kind>object</kind>
         <file>main.obj</file>
         <name>main.obj</name>
      </input_file>
      <input_file id="fl-5">
         <path>.\</path>
         <kind>object</kind>
         <file>tm4c123gh6pm_startup_ccs.obj</file>
         <name>tm4c123gh6pm_startup_ccs.obj</name>
      </input_file>
      <input_file id="fl-6">
         <path>.\FreeRTOS\Source\</path>
         <kind>object</kind>
         <file>event_groups.obj</file>
         <name>event_groups.obj</name>
      </input_file>
      <input_file id="fl-7">
         <path>.\FreeRTOS\Source\</path>
         <kind>object</kind>
         <file>list.obj</file>
         <name>list.obj</name>
      </input_file>
      <input_file id="fl-8">
         <path>.\FreeRTOS\Source\</path>
         <kind>object</kind>
         <file>queue.obj</file>
         <name>queue.obj</name>
      </input_file>
      <input_file id="fl-9">
         <path>.\FreeRTOS\Source\</path>
         <kind>object</kind>
         <file>tasks.obj</file>
         <name>tasks.obj</name>
      </input_file>
      <input_file id="fl-a">
         <path>.\FreeRTOS\Source\</path>
         <kind>object</kind>
         <file>timers.obj</file>
         <name>timers.obj</name>
      </input_file>
      <input_file id="fl-b">
         <path>.\FreeRTOS\Source\portable\CCS\ARM_CM4F\</path>
         <kind>object</kind>
         <file>port.obj</file>
         <name>port.obj</name>
      </input_file>
      <input_file id="fl-c">
         <path>.\FreeRTOS\Source\portable\CCS\ARM_CM4F\</path>
         <kind>object</kind>
         <file>portasm.obj</file>
         <name>portasm.obj</name>
      </input_file>
      <input_file id="fl-d">
         <path>.\FreeRTOS\Source\portable\MemMang\</path>
         <kind>object</kind>
         <file>heap_1.obj</file>
         <name>heap_1.obj</name>
      </input_file>
      <input_file id="fl-e">
         <path>.\HAL\Buttons\</path>
         <kind>object</kind>
         <file>buttons.obj</file>
         <name>buttons.obj</name>
      </input_file>
      <input_file id="fl-f">
         <path>.\HAL\Heater\</path>
         <kind>object</kind>
         <file>heater.obj</file>
         <name>heater.obj</name>
      </input_file>
      <input_file id="fl-10">
         <path>.\HAL\LEDS\</path>
         <kind>object</kind>
         <file>leds.obj</file>
         <name>leds.obj</name>
      </input_file>
      <input_file id="fl-11">
         <path>.\MCAL\ADC\</path>
         <kind>object</kind>
         <file>adc.obj</file>
         <name>adc.obj</name>
      </input_file>
      <input_file id="fl-12">
         <path>.\MCAL\DIO\</path>
         <kind>object</kind>
         <file>Dio.obj</file>
         <name>Dio.obj</name>
      </input_file>
      <input_file id="fl-13">
         <path>.\MCAL\DIO\</path>
         <kind>object</kind>
         <file>Dio_PBcfg.obj</file>
         <name>Dio_PBcfg.obj</name>
      </input_file>
      <input_file id="fl-14">
         <path>.\MCAL\GPIO\</path>
         <kind>object</kind>
         <file>gpio.obj</file>
         <name>gpio.obj</name>
      </input_file>
      <input_file id="fl-15">
         <path>.\MCAL\GPTM\</path>
         <kind>object</kind>
         <file>GPTM.obj</file>
         <name>GPTM.obj</name>
      </input_file>
      <input_file id="fl-16">
         <path>.\MCAL\PORT\</path>
         <kind>object</kind>
         <file>Port.obj</file>
         <name>Port.obj</name>
      </input_file>
      <input_file id="fl-17">
         <path>.\MCAL\PORT\</path>
         <kind>object</kind>
         <file>Port_PBcfg.obj</file>
         <name>Port_PBcfg.obj</name>
      </input_file>
      <input_file id="fl-18">
         <path>.\MCAL\UART\</path>
         <kind>object</kind>
         <file>uart0.obj</file>
         <name>uart0.obj</name>
      </input_file>
      <input_file id="fl-1c">
         <kind>object</kind>
         <file>&lt;internal&gt;</file>
         <name>&lt;internal&gt;</name>
      </input_file>
      <input_file id="fl-d2">
         <path>C:\ti\ccs1260\ccs\tools\compiler\ti-cgt-arm_20.2.7.LTS\lib\</path>
         <kind>archive</kind>
         <file>rtsv7M4_T_le_v4SPD16_eabi.lib</file>
         <name>ll_mul_t2.asm.obj</name>
      </input_file>
      <input_file id="fl-d3">
         <path>C:\ti\ccs1260\ccs\tools\compiler\ti-cgt-arm_20.2.7.LTS\lib\</path>
         <kind>archive</kind>
         <file>rtsv7M4_T_le_v4SPD16_eabi.lib</file>
         <name>memcpy_t2.asm.obj</name>
      </input_file>
      <input_file id="fl-d4">
         <path>C:\ti\ccs1260\ccs\tools\compiler\ti-cgt-arm_20.2.7.LTS\lib\</path>
         <kind>archive</kind>
         <file>rtsv7M4_T_le_v4SPD16_eabi.lib</file>
         <name>memset_t2.asm.obj</name>
      </input_file>
      <input_file id="fl-d5">
         <path>C:\ti\ccs1260\ccs\tools\compiler\ti-cgt-arm_20.2.7.LTS\lib\</path>
         <kind>archive</kind>
         <file>rtsv7M4_T_le_v4SPD16_eabi.lib</file>
         <name>ll_div_t2.asm.obj</name>
      </input_file>
      <input_file id="fl-d6">
         <path>C:\ti\ccs1260\ccs\tools\compiler\ti-cgt-arm_20.2.7.LTS\lib\</path>
         <kind>archive</kind>
         <file>rtsv7M4_T_le_v4SPD16_eabi.lib</file>
         <name>ull_div_t2.asm.obj</name>
      </input_file>
      <input_file id="fl-d7">
         <path>C:\ti\ccs1260\ccs\tools\compiler\ti-cgt-arm_20.2.7.LTS\lib\</path>
         <kind>archive</kind>
         <file>rtsv7M4_T_le_v4SPD16_eabi.lib</file>
         <name>copy_zero_init.c.obj</name>
      </input_file>
      <input_file id="fl-d8">
         <path>C:\ti\ccs1260\ccs\tools\compiler\ti-cgt-arm_20.2.7.LTS\lib\</path>
         <kind>archive</kind>
         <file>rtsv7M4_T_le_v4SPD16_eabi.lib</file>
         <name>copy_decompress_none.c.obj</name>
      </input_file>
      <input_file id="fl-d9">
         <path>C:\ti\ccs1260\ccs\tools\compiler\ti-cgt-arm_20.2.7.LTS\lib\</path>
         <kind>archive</kind>
         <file>rtsv7M4_T_le_v4SPD16_eabi.lib</file>
         <name>copy_decompress_lzss.c.obj</name>
      </input_file>
      <input_file id="fl-da">
         <path>C:\ti\ccs1260\ccs\tools\compiler\ti-cgt-arm_20.2.7.LTS\lib\</path>
         <kind>archive</kind>
         <file>rtsv7M4_T_le_v4SPD16_eabi.lib</file>
         <name>boot_cortex_m.c.obj</name>
      </input_file>
      <input_file id="fl-db">
         <path>C:\ti\ccs1260\ccs\tools\compiler\ti-cgt-arm_20.2.7.LTS\lib\</path>
         <kind>archive</kind>
         <file>rtsv7M4_T_le_v4SPD16_eabi.lib</file>
         <name>div0.asm.obj</name>
      </input_file>
      <input_file id="fl-dc">
         <path>C:\ti\ccs1260\ccs\tools\compiler\ti-cgt-arm_20.2.7.LTS\lib\</path>
         <kind>archive</kind>
         <file>rtsv7M4_T_le_v4SPD16_eabi.lib</file>
         <name>autoinit.c.obj</name>
      </input_file>
      <input_file id="fl-dd">
         <path>C:\ti\ccs1260\ccs\tools\compiler\ti-cgt-arm_20.2.7.LTS\lib\</path>
         <kind>archive</kind>
         <file>rtsv7M4_T_le_v4SPD16_eabi.lib</file>
         <name>pre_init.c.obj</name>
      </input_file>
      <input_file id="fl-de">
         <path>C:\ti\ccs1260\ccs\tools\compiler\ti-cgt-arm_20.2.7.LTS\lib\</path>
         <kind>archive</kind>
         <file>rtsv7M4_T_le_v4SPD16_eabi.lib</file>
         <name>cpy_tbl.c.obj</name>
      </input_file>
      <input_file id="fl-df">
         <path>C:\ti\ccs1260\ccs\tools\compiler\ti-cgt-arm_20.2.7.LTS\lib\</path>
         <kind>archive</kind>
         <file>rtsv7M4_T_le_v4SPD16_eabi.lib</file>
         <name>exit.c.obj</name>
      </input_file>
      <input_file id="fl-e0">
         <path>C:\ti\ccs1260\ccs\tools\compiler\ti-cgt-arm_20.2.7.LTS\lib\</path>
         <kind>archive</kind>
         <file>rtsv7M4_T_le_v4SPD16_eabi.lib</file>
         <name>_lock.c.obj</name>
      </input_file>
      <input_file id="fl-e1">
         <path>C:\ti\ccs1260\ccs\tools\compiler\ti-cgt-arm_20.2.7.LTS\lib\</path>
         <kind>archive</kind>
         <file>rtsv7M4_T_le_v4SPD16_eabi.lib</file>
         <name>args_main.c.obj</name>
      </input_file>
   </input_file_list>
   <object_component_list>
      <object_component id="oc-12">
         <name>.intvecs</name>
         <load_address>0x0</load_address>
         <run_address>0x0</run_address>
         <size>0x26c</size>
         <input_file_ref idref="fl-5"/>
      </object_component>
      <object_component id="oc-85">
         <name>.text</name>
         <load_address>0x26c</load_address>
         <run_address>0x26c</run_address>
         <size>0x1e18</size>
         <input_file_ref idref="fl-9"/>
      </object_component>
      <object_component id="oc-ab">
         <name>.text</name>
         <load_address>0x2084</load_address>
         <run_address>0x2084</run_address>
         <size>0x1052</size>
         <input_file_ref idref="fl-8"/>
      </object_component>
      <object_component id="oc-29e">
         <name>.text</name>
         <load_address>0x30d6</load_address>
         <run_address>0x30d6</run_address>
         <size>0x2</size>
         <input_file_ref idref="fl-db"/>
      </object_component>
      <object_component id="oc-dc">
         <name>.text</name>
         <load_address>0x30d8</load_address>
         <run_address>0x30d8</run_address>
         <size>0x90c</size>
         <input_file_ref idref="fl-3"/>
      </object_component>
      <object_component id="oc-b7">
         <name>.text</name>
         <load_address>0x39e4</load_address>
         <run_address>0x39e4</run_address>
         <size>0x838</size>
         <input_file_ref idref="fl-16"/>
      </object_component>
      <object_component id="oc-144">
         <name>.text</name>
         <load_address>0x421c</load_address>
         <run_address>0x421c</run_address>
         <size>0x7bc</size>
         <input_file_ref idref="fl-a"/>
      </object_component>
      <object_component id="oc-a5">
         <name>.text</name>
         <load_address>0x49d8</load_address>
         <run_address>0x49d8</run_address>
         <size>0x4fe</size>
         <input_file_ref idref="fl-6"/>
      </object_component>
      <object_component id="oc-bd">
         <name>.text</name>
         <load_address>0x4ed8</load_address>
         <run_address>0x4ed8</run_address>
         <size>0x30c</size>
         <input_file_ref idref="fl-12"/>
      </object_component>
      <object_component id="oc-38">
         <name>.text</name>
         <load_address>0x51e4</load_address>
         <run_address>0x51e4</run_address>
         <size>0x2e8</size>
         <input_file_ref idref="fl-4"/>
      </object_component>
      <object_component id="oc-32">
         <name>.text</name>
         <load_address>0x54cc</load_address>
         <run_address>0x54cc</run_address>
         <size>0x2b0</size>
         <input_file_ref idref="fl-b"/>
      </object_component>
      <object_component id="oc-b1">
         <name>.text</name>
         <load_address>0x577c</load_address>
         <run_address>0x577c</run_address>
         <size>0x218</size>
         <input_file_ref idref="fl-14"/>
      </object_component>
      <object_component id="oc-c9">
         <name>.text</name>
         <load_address>0x5994</load_address>
         <run_address>0x5994</run_address>
         <size>0x1c8</size>
         <input_file_ref idref="fl-18"/>
      </object_component>
      <object_component id="oc-c3">
         <name>.text</name>
         <load_address>0x5b5c</load_address>
         <run_address>0x5b5c</run_address>
         <size>0x150</size>
         <input_file_ref idref="fl-11"/>
      </object_component>
      <object_component id="oc-13b">
         <name>.text</name>
         <load_address>0x5cac</load_address>
         <run_address>0x5cac</run_address>
         <size>0x12a</size>
         <input_file_ref idref="fl-7"/>
      </object_component>
      <object_component id="oc-2d">
         <name>.text</name>
         <load_address>0x5dd8</load_address>
         <run_address>0x5dd8</run_address>
         <size>0xda</size>
         <input_file_ref idref="fl-c"/>
      </object_component>
      <object_component id="oc-135">
         <name>.text</name>
         <load_address>0x5eb4</load_address>
         <run_address>0x5eb4</run_address>
         <size>0xd0</size>
         <input_file_ref idref="fl-d"/>
      </object_component>
      <object_component id="oc-4c">
         <name>.text</name>
         <load_address>0x5f84</load_address>
         <run_address>0x5f84</run_address>
         <size>0x9c</size>
         <input_file_ref idref="fl-d3"/>
      </object_component>
      <object_component id="oc-2a3">
         <name>.text</name>
         <load_address>0x6020</load_address>
         <run_address>0x6020</run_address>
         <size>0x96</size>
         <input_file_ref idref="fl-d6"/>
      </object_component>
      <object_component id="oc-113">
         <name>.text</name>
         <load_address>0x60b6</load_address>
         <run_address>0x60b6</run_address>
         <size>0x7a</size>
         <input_file_ref idref="fl-d4"/>
      </object_component>
      <object_component id="oc-1b2">
         <name>.text</name>
         <load_address>0x6130</load_address>
         <run_address>0x6130</run_address>
         <size>0x6e</size>
         <input_file_ref idref="fl-d5"/>
      </object_component>
      <object_component id="oc-15">
         <name>.text:decompress:lzss:__TI_decompress_lzss</name>
         <load_address>0x619e</load_address>
         <run_address>0x619e</run_address>
         <size>0x68</size>
         <input_file_ref idref="fl-d9"/>
      </object_component>
      <object_component id="oc-cf">
         <name>.text</name>
         <load_address>0x6208</load_address>
         <run_address>0x6208</run_address>
         <size>0x54</size>
         <input_file_ref idref="fl-15"/>
      </object_component>
      <object_component id="oc-20a">
         <name>.text:__TI_auto_init_nobinit_nopinit:__TI_auto_init_nobinit_nopinit</name>
         <load_address>0x625c</load_address>
         <run_address>0x625c</run_address>
         <size>0x44</size>
         <input_file_ref idref="fl-dc"/>
      </object_component>
      <object_component id="oc-6a">
         <name>.text:_c_int00_noargs:_c_int00_noargs</name>
         <load_address>0x62a0</load_address>
         <run_address>0x62a0</run_address>
         <size>0x34</size>
         <input_file_ref idref="fl-da"/>
      </object_component>
      <object_component id="oc-a0">
         <name>.text</name>
         <load_address>0x62d4</load_address>
         <run_address>0x62d4</run_address>
         <size>0x18</size>
         <input_file_ref idref="fl-d2"/>
      </object_component>
      <object_component id="oc-197">
         <name>.text</name>
         <load_address>0x62ec</load_address>
         <run_address>0x62ec</run_address>
         <size>0x16</size>
         <input_file_ref idref="fl-2"/>
      </object_component>
      <object_component id="oc-1b">
         <name>.text:decompress:none:__TI_decompress_none</name>
         <load_address>0x6302</load_address>
         <run_address>0x6302</run_address>
         <size>0xe</size>
         <input_file_ref idref="fl-d8"/>
      </object_component>
      <object_component id="oc-5e">
         <name>.text:decompress:ZI:__TI_zero_init</name>
         <load_address>0x6310</load_address>
         <run_address>0x6310</run_address>
         <size>0xc</size>
         <input_file_ref idref="fl-d7"/>
      </object_component>
      <object_component id="oc-27">
         <name>.text</name>
         <load_address>0x631c</load_address>
         <run_address>0x631c</run_address>
         <size>0xc</size>
         <input_file_ref idref="fl-5"/>
      </object_component>
      <object_component id="oc-119">
         <name>.text:_system_pre_init</name>
         <load_address>0x6328</load_address>
         <run_address>0x6328</run_address>
         <size>0x4</size>
         <input_file_ref idref="fl-dd"/>
      </object_component>
      <object_component id="oc-1fe">
         <name>.text:abort:abort</name>
         <load_address>0x632c</load_address>
         <run_address>0x632c</run_address>
         <size>0x4</size>
         <input_file_ref idref="fl-df"/>
      </object_component>
      <object_component id="oc-f2">
         <name>.const:Dio_Configuration</name>
         <load_address>0x6330</load_address>
         <run_address>0x6330</run_address>
         <size>0x10</size>
         <input_file_ref idref="fl-13"/>
      </object_component>
      <object_component id="oc-82">
         <name>.const</name>
         <load_address>0x6340</load_address>
         <run_address>0x6340</run_address>
         <size>0x8</size>
         <input_file_ref idref="fl-b"/>
      </object_component>
      <object_component id="oc-1dd">
         <name>.const:APP_NumOfBtnpressToHeatLevel</name>
         <load_address>0x6348</load_address>
         <run_address>0x6348</run_address>
         <size>0x4</size>
         <input_file_ref idref="fl-3"/>
      </object_component>
      <object_component id="oc-14d">
         <name>.const</name>
         <load_address>0x634c</load_address>
         <run_address>0x634c</run_address>
         <size>0x4</size>
         <input_file_ref idref="fl-9"/>
      </object_component>
      <object_component id="oc-342">
         <name>.cinit..data.load</name>
         <load_address>0x6350</load_address>
         <run_address>0x6350</run_address>
         <size>0x9f</size>
      </object_component>
      <object_component id="oc-340">
         <name>__TI_handler_table</name>
         <load_address>0x63f0</load_address>
         <run_address>0x63f0</run_address>
         <size>0xc</size>
      </object_component>
      <object_component id="oc-343">
         <name>.cinit..bss.load</name>
         <load_address>0x6400</load_address>
         <run_address>0x6400</run_address>
         <size>0x8</size>
      </object_component>
      <object_component id="oc-341">
         <name>__TI_cinit_table</name>
         <load_address>0x6408</load_address>
         <run_address>0x6408</run_address>
         <size>0x10</size>
      </object_component>
      <object_component id="oc-1da">
         <name>.data</name>
         <load_address>0x200024a4</load_address>
         <run_address>0x200024a4</run_address>
         <size>0xd</size>
         <input_file_ref idref="fl-3"/>
      </object_component>
      <object_component id="oc-e2">
         <name>.data:DriverState</name>
         <load_address>0x200024e1</load_address>
         <run_address>0x200024e1</run_address>
         <size>0x4</size>
         <input_file_ref idref="fl-3"/>
      </object_component>
      <object_component id="oc-e6">
         <name>.data:PassengerState</name>
         <load_address>0x200024e5</load_address>
         <run_address>0x200024e5</run_address>
         <size>0x4</size>
         <input_file_ref idref="fl-3"/>
      </object_component>
      <object_component id="oc-7f">
         <name>.data</name>
         <load_address>0x20002470</load_address>
         <run_address>0x20002470</run_address>
         <size>0x34</size>
         <input_file_ref idref="fl-9"/>
      </object_component>
      <object_component id="oc-259">
         <name>.data</name>
         <load_address>0x200024c0</load_address>
         <run_address>0x200024c0</run_address>
         <size>0xc</size>
         <input_file_ref idref="fl-a"/>
      </object_component>
      <object_component id="oc-8c">
         <name>.data</name>
         <load_address>0x200024b4</load_address>
         <run_address>0x200024b4</run_address>
         <size>0xc</size>
         <input_file_ref idref="fl-b"/>
      </object_component>
      <object_component id="oc-24d">
         <name>.data</name>
         <load_address>0x200024d4</load_address>
         <run_address>0x200024d4</run_address>
         <size>0x8</size>
         <input_file_ref idref="fl-d"/>
      </object_component>
      <object_component id="oc-1a7">
         <name>.data</name>
         <load_address>0x200024dc</load_address>
         <run_address>0x200024dc</run_address>
         <size>0x5</size>
         <input_file_ref idref="fl-12"/>
      </object_component>
      <object_component id="oc-19d">
         <name>.data</name>
         <load_address>0x200024cc</load_address>
         <run_address>0x200024cc</run_address>
         <size>0x8</size>
         <input_file_ref idref="fl-16"/>
      </object_component>
      <object_component id="oc-ef">
         <name>.data:port_config</name>
         <load_address>0x20002310</load_address>
         <run_address>0x20002310</run_address>
         <size>0x15f</size>
         <input_file_ref idref="fl-17"/>
      </object_component>
      <object_component id="oc-141">
         <name>.bss:pxReadyTasksLists</name>
         <uninitialized>true</uninitialized>
         <run_address>0x20001f40</run_address>
         <size>0x64</size>
         <input_file_ref idref="fl-9"/>
      </object_component>
      <object_component id="oc-159">
         <name>.bss:xDelayedTaskList1</name>
         <uninitialized>true</uninitialized>
         <run_address>0x20002080</run_address>
         <size>0x14</size>
         <input_file_ref idref="fl-9"/>
      </object_component>
      <object_component id="oc-15c">
         <name>.bss:xDelayedTaskList2</name>
         <uninitialized>true</uninitialized>
         <run_address>0x20002094</run_address>
         <size>0x14</size>
         <input_file_ref idref="fl-9"/>
      </object_component>
      <object_component id="oc-153">
         <name>.bss</name>
         <uninitialized>true</uninitialized>
         <run_address>0x200020d0</run_address>
         <size>0x8</size>
         <input_file_ref idref="fl-9"/>
      </object_component>
      <object_component id="oc-150">
         <name>.bss:xPendingReadyList</name>
         <uninitialized>true</uninitialized>
         <run_address>0x200020a8</run_address>
         <size>0x14</size>
         <input_file_ref idref="fl-9"/>
      </object_component>
      <object_component id="oc-14a">
         <name>.bss:xTasksWaitingTermination</name>
         <uninitialized>true</uninitialized>
         <run_address>0x200020bc</run_address>
         <size>0x14</size>
         <input_file_ref idref="fl-9"/>
      </object_component>
      <object_component id="oc-25f">
         <name>.bss:xActiveTimerList1</name>
         <uninitialized>true</uninitialized>
         <run_address>0x20002058</run_address>
         <size>0x14</size>
         <input_file_ref idref="fl-a"/>
      </object_component>
      <object_component id="oc-262">
         <name>.bss:xActiveTimerList2</name>
         <uninitialized>true</uninitialized>
         <run_address>0x2000206c</run_address>
         <size>0x14</size>
         <input_file_ref idref="fl-a"/>
      </object_component>
      <object_component id="oc-25c">
         <name>.bss</name>
         <uninitialized>true</uninitialized>
         <run_address>0x200020d8</run_address>
         <size>0x8</size>
         <input_file_ref idref="fl-a"/>
      </object_component>
      <object_component id="oc-250">
         <name>.bss:ucHeap</name>
         <uninitialized>true</uninitialized>
         <run_address>0x20000000</run_address>
         <size>0x1f40</size>
         <input_file_ref idref="fl-d"/>
      </object_component>
      <object_component id="oc-1e0">
         <name>.common:FailureLogArr</name>
         <uninitialized>true</uninitialized>
         <run_address>0x20001fa4</run_address>
         <size>0x3c</size>
      </object_component>
      <object_component id="oc-d5">
         <name>.common:xEventGroup</name>
         <uninitialized>true</uninitialized>
         <run_address>0x20002104</run_address>
         <size>0x4</size>
      </object_component>
      <object_component id="oc-d8">
         <name>.common:xDriverButtonSemaphore</name>
         <uninitialized>true</uninitialized>
         <run_address>0x20002100</run_address>
         <size>0x4</size>
      </object_component>
      <object_component id="oc-d9">
         <name>.common:xPassengerButtonSemaphore</name>
         <uninitialized>true</uninitialized>
         <run_address>0x20002108</run_address>
         <size>0x4</size>
      </object_component>
      <object_component id="oc-da">
         <name>.common:xUARTMutex</name>
         <uninitialized>true</uninitialized>
         <run_address>0x2000210c</run_address>
         <size>0x4</size>
      </object_component>
      <object_component id="oc-156">
         <name>.common:ullTasksOutTime</name>
         <uninitialized>true</uninitialized>
         <run_address>0x20002008</run_address>
         <size>0x28</size>
      </object_component>
      <object_component id="oc-158">
         <name>.common:ullTasksInTime</name>
         <uninitialized>true</uninitialized>
         <run_address>0x20001fe0</run_address>
         <size>0x28</size>
      </object_component>
      <object_component id="oc-157">
         <name>.common:ullTasksTotalTime</name>
         <uninitialized>true</uninitialized>
         <run_address>0x20002030</run_address>
         <size>0x28</size>
      </object_component>
      <object_component id="oc-db">
         <name>.common:BtnPressMangeTasDriverkHandle</name>
         <uninitialized>true</uninitialized>
         <run_address>0x200020e0</run_address>
         <size>0x4</size>
      </object_component>
      <object_component id="oc-e5">
         <name>.common:BtnPressMangeTasPassengerkHandle</name>
         <uninitialized>true</uninitialized>
         <run_address>0x200020e4</run_address>
         <size>0x4</size>
      </object_component>
      <object_component id="oc-e9">
         <name>.common:TemperatureMonitorTaskHandle</name>
         <uninitialized>true</uninitialized>
         <run_address>0x200020fc</run_address>
         <size>0x4</size>
      </object_component>
      <object_component id="oc-ea">
         <name>.common:HeaterControlTaskDriverHandle</name>
         <uninitialized>true</uninitialized>
         <run_address>0x200020f4</run_address>
         <size>0x4</size>
      </object_component>
      <object_component id="oc-eb">
         <name>.common:HeaterControlTaskPassengerHandle</name>
         <uninitialized>true</uninitialized>
         <run_address>0x200020f8</run_address>
         <size>0x4</size>
      </object_component>
      <object_component id="oc-ec">
         <name>.common:DisplayUpdateTaskHandle</name>
         <uninitialized>true</uninitialized>
         <run_address>0x200020ec</run_address>
         <size>0x4</size>
      </object_component>
      <object_component id="oc-ed">
         <name>.common:CpuLoadMeasurementTaskHandle</name>
         <uninitialized>true</uninitialized>
         <run_address>0x200020e8</run_address>
         <size>0x4</size>
      </object_component>
      <object_component id="oc-ee">
         <name>.common:FailureLoggingTaskHandle</name>
         <uninitialized>true</uninitialized>
         <run_address>0x200020f0</run_address>
         <size>0x4</size>
      </object_component>
      <object_component id="oc-24">
         <name>.stack</name>
         <uninitialized>true</uninitialized>
         <run_address>0x20002110</run_address>
         <size>0x4</size>
         <input_file_ref idref="fl-da"/>
      </object_component>
      <object_component id="oc-345">
         <name>.stack</name>
         <uninitialized>true</uninitialized>
         <run_address>0x20002110</run_address>
         <size>0x0</size>
      </object_component>
      <object_component id="oc-19b">
         <name>.debug_info</name>
         <load_address>0x0</load_address>
         <run_address>0x0</run_address>
         <size>0x1d9</size>
         <input_file_ref idref="fl-2"/>
      </object_component>
      <object_component id="oc-28c">
         <name>.debug_info</name>
         <load_address>0x1d9</load_address>
         <run_address>0x1d9</run_address>
         <size>0xa7</size>
         <input_file_ref idref="fl-2"/>
      </object_component>
      <object_component id="oc-47">
         <name>.debug_info</name>
         <load_address>0x280</load_address>
         <run_address>0x280</run_address>
         <size>0x84</size>
         <input_file_ref idref="fl-2"/>
      </object_component>
      <object_component id="oc-160">
         <name>.debug_info</name>
         <load_address>0x304</load_address>
         <run_address>0x304</run_address>
         <size>0xae</size>
         <input_file_ref idref="fl-2"/>
      </object_component>
      <object_component id="oc-d6">
         <name>.debug_info</name>
         <load_address>0x3b2</load_address>
         <run_address>0x3b2</run_address>
         <size>0xac5</size>
         <input_file_ref idref="fl-3"/>
      </object_component>
      <object_component id="oc-1de">
         <name>.debug_info</name>
         <load_address>0xe77</load_address>
         <run_address>0xe77</run_address>
         <size>0x108</size>
         <input_file_ref idref="fl-3"/>
      </object_component>
      <object_component id="oc-1db">
         <name>.debug_info</name>
         <load_address>0xf7f</load_address>
         <run_address>0xf7f</run_address>
         <size>0x276</size>
         <input_file_ref idref="fl-3"/>
      </object_component>
      <object_component id="oc-e3">
         <name>.debug_info</name>
         <load_address>0x11f5</load_address>
         <run_address>0x11f5</run_address>
         <size>0xe7</size>
         <input_file_ref idref="fl-3"/>
      </object_component>
      <object_component id="oc-e7">
         <name>.debug_info</name>
         <load_address>0x12dc</load_address>
         <run_address>0x12dc</run_address>
         <size>0xed</size>
         <input_file_ref idref="fl-3"/>
      </object_component>
      <object_component id="oc-dd">
         <name>.debug_info</name>
         <load_address>0x13c9</load_address>
         <run_address>0x13c9</run_address>
         <size>0x101a</size>
         <input_file_ref idref="fl-3"/>
      </object_component>
      <object_component id="oc-1a2">
         <name>.debug_info</name>
         <load_address>0x23e3</load_address>
         <run_address>0x23e3</run_address>
         <size>0x1b1</size>
         <input_file_ref idref="fl-3"/>
      </object_component>
      <object_component id="oc-16e">
         <name>.debug_info</name>
         <load_address>0x2594</load_address>
         <run_address>0x2594</run_address>
         <size>0x30c</size>
         <input_file_ref idref="fl-3"/>
      </object_component>
      <object_component id="oc-1bc">
         <name>.debug_info</name>
         <load_address>0x28a0</load_address>
         <run_address>0x28a0</run_address>
         <size>0x114</size>
         <input_file_ref idref="fl-3"/>
      </object_component>
      <object_component id="oc-1c1">
         <name>.debug_info</name>
         <load_address>0x29b4</load_address>
         <run_address>0x29b4</run_address>
         <size>0x5a</size>
         <input_file_ref idref="fl-3"/>
      </object_component>
      <object_component id="oc-1ac">
         <name>.debug_info</name>
         <load_address>0x2a0e</load_address>
         <run_address>0x2a0e</run_address>
         <size>0x114</size>
         <input_file_ref idref="fl-3"/>
      </object_component>
      <object_component id="oc-f9">
         <name>.debug_info</name>
         <load_address>0x2b22</load_address>
         <run_address>0x2b22</run_address>
         <size>0x26b</size>
         <input_file_ref idref="fl-3"/>
      </object_component>
      <object_component id="oc-178">
         <name>.debug_info</name>
         <load_address>0x2d8d</load_address>
         <run_address>0x2d8d</run_address>
         <size>0x3f8</size>
         <input_file_ref idref="fl-3"/>
      </object_component>
      <object_component id="oc-1c6">
         <name>.debug_info</name>
         <load_address>0x3185</load_address>
         <run_address>0x3185</run_address>
         <size>0x42</size>
         <input_file_ref idref="fl-3"/>
      </object_component>
      <object_component id="oc-1cb">
         <name>.debug_info</name>
         <load_address>0x31c7</load_address>
         <run_address>0x31c7</run_address>
         <size>0x4f</size>
         <input_file_ref idref="fl-3"/>
      </object_component>
      <object_component id="oc-1d5">
         <name>.debug_info</name>
         <load_address>0x3216</load_address>
         <run_address>0x3216</run_address>
         <size>0x2c</size>
         <input_file_ref idref="fl-3"/>
      </object_component>
      <object_component id="oc-91">
         <name>.debug_info</name>
         <load_address>0x3242</load_address>
         <run_address>0x3242</run_address>
         <size>0x2c</size>
         <input_file_ref idref="fl-3"/>
      </object_component>
      <object_component id="oc-1d0">
         <name>.debug_info</name>
         <load_address>0x326e</load_address>
         <run_address>0x326e</run_address>
         <size>0x4f</size>
         <input_file_ref idref="fl-3"/>
      </object_component>
      <object_component id="oc-17d">
         <name>.debug_info</name>
         <load_address>0x32bd</load_address>
         <run_address>0x32bd</run_address>
         <size>0x2a4</size>
         <input_file_ref idref="fl-3"/>
      </object_component>
      <object_component id="oc-9b">
         <name>.debug_info</name>
         <load_address>0x3561</load_address>
         <run_address>0x3561</run_address>
         <size>0xbb</size>
         <input_file_ref idref="fl-3"/>
      </object_component>
      <object_component id="oc-169">
         <name>.debug_info</name>
         <load_address>0x361c</load_address>
         <run_address>0x361c</run_address>
         <size>0x53</size>
         <input_file_ref idref="fl-3"/>
      </object_component>
      <object_component id="oc-96">
         <name>.debug_info</name>
         <load_address>0x366f</load_address>
         <run_address>0x366f</run_address>
         <size>0x53</size>
         <input_file_ref idref="fl-3"/>
      </object_component>
      <object_component id="oc-173">
         <name>.debug_info</name>
         <load_address>0x36c2</load_address>
         <run_address>0x36c2</run_address>
         <size>0x14c</size>
         <input_file_ref idref="fl-3"/>
      </object_component>
      <object_component id="oc-f6">
         <name>.debug_info</name>
         <load_address>0x380e</load_address>
         <run_address>0x380e</run_address>
         <size>0xc0c</size>
         <input_file_ref idref="fl-4"/>
      </object_component>
      <object_component id="oc-39">
         <name>.debug_info</name>
         <load_address>0x441a</load_address>
         <run_address>0x441a</run_address>
         <size>0x56d</size>
         <input_file_ref idref="fl-4"/>
      </object_component>
      <object_component id="oc-40">
         <name>.debug_info</name>
         <load_address>0x4987</load_address>
         <run_address>0x4987</run_address>
         <size>0x369</size>
         <input_file_ref idref="fl-5"/>
      </object_component>
      <object_component id="oc-13">
         <name>.debug_info</name>
         <load_address>0x4cf0</load_address>
         <run_address>0x4cf0</run_address>
         <size>0xfe</size>
         <input_file_ref idref="fl-5"/>
      </object_component>
      <object_component id="oc-2b">
         <name>.debug_info</name>
         <load_address>0x4dee</load_address>
         <run_address>0x4dee</run_address>
         <size>0x27a</size>
         <input_file_ref idref="fl-5"/>
      </object_component>
      <object_component id="oc-189">
         <name>.debug_info</name>
         <load_address>0x5068</load_address>
         <run_address>0x5068</run_address>
         <size>0x699</size>
         <input_file_ref idref="fl-6"/>
      </object_component>
      <object_component id="oc-a9">
         <name>.debug_info</name>
         <load_address>0x5701</load_address>
         <run_address>0x5701</run_address>
         <size>0x13a7</size>
         <input_file_ref idref="fl-6"/>
      </object_component>
      <object_component id="oc-191">
         <name>.debug_info</name>
         <load_address>0x6aa8</load_address>
         <run_address>0x6aa8</run_address>
         <size>0x110</size>
         <input_file_ref idref="fl-6"/>
      </object_component>
      <object_component id="oc-248">
         <name>.debug_info</name>
         <load_address>0x6bb8</load_address>
         <run_address>0x6bb8</run_address>
         <size>0x3f8</size>
         <input_file_ref idref="fl-6"/>
      </object_component>
      <object_component id="oc-27f">
         <name>.debug_info</name>
         <load_address>0x6fb0</load_address>
         <run_address>0x6fb0</run_address>
         <size>0x62</size>
         <input_file_ref idref="fl-6"/>
      </object_component>
      <object_component id="oc-184">
         <name>.debug_info</name>
         <load_address>0x7012</load_address>
         <run_address>0x7012</run_address>
         <size>0x39</size>
         <input_file_ref idref="fl-6"/>
      </object_component>
      <object_component id="oc-256">
         <name>.debug_info</name>
         <load_address>0x704b</load_address>
         <run_address>0x704b</run_address>
         <size>0x397</size>
         <input_file_ref idref="fl-7"/>
      </object_component>
      <object_component id="oc-13e">
         <name>.debug_info</name>
         <load_address>0x73e2</load_address>
         <run_address>0x73e2</run_address>
         <size>0x507</size>
         <input_file_ref idref="fl-7"/>
      </object_component>
      <object_component id="oc-190">
         <name>.debug_info</name>
         <load_address>0x78e9</load_address>
         <run_address>0x78e9</run_address>
         <size>0x8fd</size>
         <input_file_ref idref="fl-8"/>
      </object_component>
      <object_component id="oc-ad">
         <name>.debug_info</name>
         <load_address>0x81e6</load_address>
         <run_address>0x81e6</run_address>
         <size>0x3351</size>
         <input_file_ref idref="fl-8"/>
      </object_component>
      <object_component id="oc-286">
         <name>.debug_info</name>
         <load_address>0xb537</load_address>
         <run_address>0xb537</run_address>
         <size>0x1c7</size>
         <input_file_ref idref="fl-8"/>
      </object_component>
      <object_component id="oc-18b">
         <name>.debug_info</name>
         <load_address>0xb6fe</load_address>
         <run_address>0xb6fe</run_address>
         <size>0x46</size>
         <input_file_ref idref="fl-8"/>
      </object_component>
      <object_component id="oc-23e">
         <name>.debug_info</name>
         <load_address>0xb744</load_address>
         <run_address>0xb744</run_address>
         <size>0x35</size>
         <input_file_ref idref="fl-8"/>
      </object_component>
      <object_component id="oc-12d">
         <name>.debug_info</name>
         <load_address>0xb779</load_address>
         <run_address>0xb779</run_address>
         <size>0x89e</size>
         <input_file_ref idref="fl-9"/>
      </object_component>
      <object_component id="oc-80">
         <name>.debug_info</name>
         <load_address>0xc017</load_address>
         <run_address>0xc017</run_address>
         <size>0x35c</size>
         <input_file_ref idref="fl-9"/>
      </object_component>
      <object_component id="oc-142">
         <name>.debug_info</name>
         <load_address>0xc373</load_address>
         <run_address>0xc373</run_address>
         <size>0x105</size>
         <input_file_ref idref="fl-9"/>
      </object_component>
      <object_component id="oc-15a">
         <name>.debug_info</name>
         <load_address>0xc478</load_address>
         <run_address>0xc478</run_address>
         <size>0x105</size>
         <input_file_ref idref="fl-9"/>
      </object_component>
      <object_component id="oc-15d">
         <name>.debug_info</name>
         <load_address>0xc57d</load_address>
         <run_address>0xc57d</run_address>
         <size>0x105</size>
         <input_file_ref idref="fl-9"/>
      </object_component>
      <object_component id="oc-154">
         <name>.debug_info</name>
         <load_address>0xc682</load_address>
         <run_address>0xc682</run_address>
         <size>0x148</size>
         <input_file_ref idref="fl-9"/>
      </object_component>
      <object_component id="oc-151">
         <name>.debug_info</name>
         <load_address>0xc7ca</load_address>
         <run_address>0xc7ca</run_address>
         <size>0x105</size>
         <input_file_ref idref="fl-9"/>
      </object_component>
      <object_component id="oc-14b">
         <name>.debug_info</name>
         <load_address>0xc8cf</load_address>
         <run_address>0xc8cf</run_address>
         <size>0x113</size>
         <input_file_ref idref="fl-9"/>
      </object_component>
      <object_component id="oc-14e">
         <name>.debug_info</name>
         <load_address>0xc9e2</load_address>
         <run_address>0xc9e2</run_address>
         <size>0x106</size>
         <input_file_ref idref="fl-9"/>
      </object_component>
      <object_component id="oc-87">
         <name>.debug_info</name>
         <load_address>0xcae8</load_address>
         <run_address>0xcae8</run_address>
         <size>0x4635</size>
         <input_file_ref idref="fl-9"/>
      </object_component>
      <object_component id="oc-12e">
         <name>.debug_info</name>
         <load_address>0x1111d</load_address>
         <run_address>0x1111d</run_address>
         <size>0x303</size>
         <input_file_ref idref="fl-9"/>
      </object_component>
      <object_component id="oc-243">
         <name>.debug_info</name>
         <load_address>0x11420</load_address>
         <run_address>0x11420</run_address>
         <size>0x130</size>
         <input_file_ref idref="fl-9"/>
      </object_component>
      <object_component id="oc-26b">
         <name>.debug_info</name>
         <load_address>0x11550</load_address>
         <run_address>0x11550</run_address>
         <size>0x848</size>
         <input_file_ref idref="fl-a"/>
      </object_component>
      <object_component id="oc-260">
         <name>.debug_info</name>
         <load_address>0x11d98</load_address>
         <run_address>0x11d98</run_address>
         <size>0x105</size>
         <input_file_ref idref="fl-a"/>
      </object_component>
      <object_component id="oc-263">
         <name>.debug_info</name>
         <load_address>0x11e9d</load_address>
         <run_address>0x11e9d</run_address>
         <size>0x105</size>
         <input_file_ref idref="fl-a"/>
      </object_component>
      <object_component id="oc-25d">
         <name>.debug_info</name>
         <load_address>0x11fa2</load_address>
         <run_address>0x11fa2</run_address>
         <size>0x13d</size>
         <input_file_ref idref="fl-a"/>
      </object_component>
      <object_component id="oc-25a">
         <name>.debug_info</name>
         <load_address>0x120df</load_address>
         <run_address>0x120df</run_address>
         <size>0x129</size>
         <input_file_ref idref="fl-a"/>
      </object_component>
      <object_component id="oc-146">
         <name>.debug_info</name>
         <load_address>0x12208</load_address>
         <run_address>0x12208</run_address>
         <size>0x23c0</size>
         <input_file_ref idref="fl-a"/>
      </object_component>
      <object_component id="oc-26c">
         <name>.debug_info</name>
         <load_address>0x145c8</load_address>
         <run_address>0x145c8</run_address>
         <size>0x1ce</size>
         <input_file_ref idref="fl-a"/>
      </object_component>
      <object_component id="oc-266">
         <name>.debug_info</name>
         <load_address>0x14796</load_address>
         <run_address>0x14796</run_address>
         <size>0x46</size>
         <input_file_ref idref="fl-a"/>
      </object_component>
      <object_component id="oc-90">
         <name>.debug_info</name>
         <load_address>0x147dc</load_address>
         <run_address>0x147dc</run_address>
         <size>0x47e</size>
         <input_file_ref idref="fl-b"/>
      </object_component>
      <object_component id="oc-83">
         <name>.debug_info</name>
         <load_address>0x14c5a</load_address>
         <run_address>0x14c5a</run_address>
         <size>0x17a</size>
         <input_file_ref idref="fl-b"/>
      </object_component>
      <object_component id="oc-8d">
         <name>.debug_info</name>
         <load_address>0x14dd4</load_address>
         <run_address>0x14dd4</run_address>
         <size>0x185</size>
         <input_file_ref idref="fl-b"/>
      </object_component>
      <object_component id="oc-35">
         <name>.debug_info</name>
         <load_address>0x14f59</load_address>
         <run_address>0x14f59</run_address>
         <size>0x911</size>
         <input_file_ref idref="fl-b"/>
      </object_component>
      <object_component id="oc-2f">
         <name>.debug_info</name>
         <load_address>0x1586a</load_address>
         <run_address>0x1586a</run_address>
         <size>0x267</size>
         <input_file_ref idref="fl-c"/>
      </object_component>
      <object_component id="oc-254">
         <name>.debug_info</name>
         <load_address>0x15ad1</load_address>
         <run_address>0x15ad1</run_address>
         <size>0x430</size>
         <input_file_ref idref="fl-d"/>
      </object_component>
      <object_component id="oc-251">
         <name>.debug_info</name>
         <load_address>0x15f01</load_address>
         <run_address>0x15f01</run_address>
         <size>0x100</size>
         <input_file_ref idref="fl-d"/>
      </object_component>
      <object_component id="oc-24e">
         <name>.debug_info</name>
         <load_address>0x16001</load_address>
         <run_address>0x16001</run_address>
         <size>0x10e</size>
         <input_file_ref idref="fl-d"/>
      </object_component>
      <object_component id="oc-137">
         <name>.debug_info</name>
         <load_address>0x1610f</load_address>
         <run_address>0x1610f</run_address>
         <size>0x41e</size>
         <input_file_ref idref="fl-d"/>
      </object_component>
      <object_component id="oc-295">
         <name>.debug_info</name>
         <load_address>0x1652d</load_address>
         <run_address>0x1652d</run_address>
         <size>0xa7</size>
         <input_file_ref idref="fl-e"/>
      </object_component>
      <object_component id="oc-c5">
         <name>.debug_info</name>
         <load_address>0x165d4</load_address>
         <run_address>0x165d4</run_address>
         <size>0x289</size>
         <input_file_ref idref="fl-11"/>
      </object_component>
      <object_component id="oc-1ab">
         <name>.debug_info</name>
         <load_address>0x1685d</load_address>
         <run_address>0x1685d</run_address>
         <size>0x2d5</size>
         <input_file_ref idref="fl-12"/>
      </object_component>
      <object_component id="oc-1a8">
         <name>.debug_info</name>
         <load_address>0x16b32</load_address>
         <run_address>0x16b32</run_address>
         <size>0x11d</size>
         <input_file_ref idref="fl-12"/>
      </object_component>
      <object_component id="oc-c0">
         <name>.debug_info</name>
         <load_address>0x16c4f</load_address>
         <run_address>0x16c4f</run_address>
         <size>0x4a7</size>
         <input_file_ref idref="fl-12"/>
      </object_component>
      <object_component id="oc-1eb">
         <name>.debug_info</name>
         <load_address>0x170f6</load_address>
         <run_address>0x170f6</run_address>
         <size>0xe2</size>
         <input_file_ref idref="fl-13"/>
      </object_component>
      <object_component id="oc-f3">
         <name>.debug_info</name>
         <load_address>0x171d8</load_address>
         <run_address>0x171d8</run_address>
         <size>0x102</size>
         <input_file_ref idref="fl-13"/>
      </object_component>
      <object_component id="oc-b5">
         <name>.debug_info</name>
         <load_address>0x172da</load_address>
         <run_address>0x172da</run_address>
         <size>0x384</size>
         <input_file_ref idref="fl-14"/>
      </object_component>
      <object_component id="oc-d0">
         <name>.debug_info</name>
         <load_address>0x1765e</load_address>
         <run_address>0x1765e</run_address>
         <size>0x1a5</size>
         <input_file_ref idref="fl-15"/>
      </object_component>
      <object_component id="oc-1a1">
         <name>.debug_info</name>
         <load_address>0x17803</load_address>
         <run_address>0x17803</run_address>
         <size>0x2ce</size>
         <input_file_ref idref="fl-16"/>
      </object_component>
      <object_component id="oc-19e">
         <name>.debug_info</name>
         <load_address>0x17ad1</load_address>
         <run_address>0x17ad1</run_address>
         <size>0x133</size>
         <input_file_ref idref="fl-16"/>
      </object_component>
      <object_component id="oc-b8">
         <name>.debug_info</name>
         <load_address>0x17c04</load_address>
         <run_address>0x17c04</run_address>
         <size>0x4d2</size>
         <input_file_ref idref="fl-16"/>
      </object_component>
      <object_component id="oc-1e8">
         <name>.debug_info</name>
         <load_address>0x180d6</load_address>
         <run_address>0x180d6</run_address>
         <size>0xe0</size>
         <input_file_ref idref="fl-17"/>
      </object_component>
      <object_component id="oc-f0">
         <name>.debug_info</name>
         <load_address>0x181b6</load_address>
         <run_address>0x181b6</run_address>
         <size>0xf8</size>
         <input_file_ref idref="fl-17"/>
      </object_component>
      <object_component id="oc-1b8">
         <name>.debug_info</name>
         <load_address>0x182ae</load_address>
         <run_address>0x182ae</run_address>
         <size>0x27f</size>
         <input_file_ref idref="fl-18"/>
      </object_component>
      <object_component id="oc-cb">
         <name>.debug_info</name>
         <load_address>0x1852d</load_address>
         <run_address>0x1852d</run_address>
         <size>0x47f</size>
         <input_file_ref idref="fl-18"/>
      </object_component>
      <object_component id="oc-a1">
         <name>.debug_info</name>
         <load_address>0x189ac</load_address>
         <run_address>0x189ac</run_address>
         <size>0x122</size>
         <input_file_ref idref="fl-d2"/>
      </object_component>
      <object_component id="oc-4d">
         <name>.debug_info</name>
         <load_address>0x18ace</load_address>
         <run_address>0x18ace</run_address>
         <size>0x119</size>
         <input_file_ref idref="fl-d3"/>
      </object_component>
      <object_component id="oc-115">
         <name>.debug_info</name>
         <load_address>0x18be7</load_address>
         <run_address>0x18be7</run_address>
         <size>0x147</size>
         <input_file_ref idref="fl-d4"/>
      </object_component>
      <object_component id="oc-1b4">
         <name>.debug_info</name>
         <load_address>0x18d2e</load_address>
         <run_address>0x18d2e</run_address>
         <size>0x13f</size>
         <input_file_ref idref="fl-d5"/>
      </object_component>
      <object_component id="oc-2a4">
         <name>.debug_info</name>
         <load_address>0x18e6d</load_address>
         <run_address>0x18e6d</run_address>
         <size>0x134</size>
         <input_file_ref idref="fl-d6"/>
      </object_component>
      <object_component id="oc-112">
         <name>.debug_info</name>
         <load_address>0x18fa1</load_address>
         <run_address>0x18fa1</run_address>
         <size>0x2d4</size>
         <input_file_ref idref="fl-d7"/>
      </object_component>
      <object_component id="oc-60">
         <name>.debug_info</name>
         <load_address>0x19275</load_address>
         <run_address>0x19275</run_address>
         <size>0x1b5</size>
         <input_file_ref idref="fl-d7"/>
      </object_component>
      <object_component id="oc-10d">
         <name>.debug_info</name>
         <load_address>0x1942a</load_address>
         <run_address>0x1942a</run_address>
         <size>0x46</size>
         <input_file_ref idref="fl-d7"/>
      </object_component>
      <object_component id="oc-1f5">
         <name>.debug_info</name>
         <load_address>0x19470</load_address>
         <run_address>0x19470</run_address>
         <size>0x2c</size>
         <input_file_ref idref="fl-d7"/>
      </object_component>
      <object_component id="oc-57">
         <name>.debug_info</name>
         <load_address>0x1949c</load_address>
         <run_address>0x1949c</run_address>
         <size>0x2a8</size>
         <input_file_ref idref="fl-d8"/>
      </object_component>
      <object_component id="oc-1d">
         <name>.debug_info</name>
         <load_address>0x19744</load_address>
         <run_address>0x19744</run_address>
         <size>0x1ea</size>
         <input_file_ref idref="fl-d8"/>
      </object_component>
      <object_component id="oc-52">
         <name>.debug_info</name>
         <load_address>0x1992e</load_address>
         <run_address>0x1992e</run_address>
         <size>0x46</size>
         <input_file_ref idref="fl-d8"/>
      </object_component>
      <object_component id="oc-105">
         <name>.debug_info</name>
         <load_address>0x19974</load_address>
         <run_address>0x19974</run_address>
         <size>0x2c</size>
         <input_file_ref idref="fl-d8"/>
      </object_component>
      <object_component id="oc-103">
         <name>.debug_info</name>
         <load_address>0x199a0</load_address>
         <run_address>0x199a0</run_address>
         <size>0x29e</size>
         <input_file_ref idref="fl-d9"/>
      </object_component>
      <object_component id="oc-18">
         <name>.debug_info</name>
         <load_address>0x19c3e</load_address>
         <run_address>0x19c3e</run_address>
         <size>0x250</size>
         <input_file_ref idref="fl-d9"/>
      </object_component>
      <object_component id="oc-42">
         <name>.debug_info</name>
         <load_address>0x19e8e</load_address>
         <run_address>0x19e8e</run_address>
         <size>0x60</size>
         <input_file_ref idref="fl-d9"/>
      </object_component>
      <object_component id="oc-1ee">
         <name>.debug_info</name>
         <load_address>0x19eee</load_address>
         <run_address>0x19eee</run_address>
         <size>0x46</size>
         <input_file_ref idref="fl-d9"/>
      </object_component>
      <object_component id="oc-fe">
         <name>.debug_info</name>
         <load_address>0x19f34</load_address>
         <run_address>0x19f34</run_address>
         <size>0x39</size>
         <input_file_ref idref="fl-d9"/>
      </object_component>
      <object_component id="oc-25">
         <name>.debug_info</name>
         <load_address>0x19f6d</load_address>
         <run_address>0x19f6d</run_address>
         <size>0x10b</size>
         <input_file_ref idref="fl-da"/>
      </object_component>
      <object_component id="oc-6b">
         <name>.debug_info</name>
         <load_address>0x1a078</load_address>
         <run_address>0x1a078</run_address>
         <size>0x1a9</size>
         <input_file_ref idref="fl-da"/>
      </object_component>
      <object_component id="oc-29f">
         <name>.debug_info</name>
         <load_address>0x1a221</load_address>
         <run_address>0x1a221</run_address>
         <size>0x115</size>
         <input_file_ref idref="fl-db"/>
      </object_component>
      <object_component id="oc-2be">
         <name>.debug_info</name>
         <load_address>0x1a336</load_address>
         <run_address>0x1a336</run_address>
         <size>0x4b3</size>
         <input_file_ref idref="fl-dc"/>
      </object_component>
      <object_component id="oc-20b">
         <name>.debug_info</name>
         <load_address>0x1a7e9</load_address>
         <run_address>0x1a7e9</run_address>
         <size>0x1a6</size>
         <input_file_ref idref="fl-dc"/>
      </object_component>
      <object_component id="oc-2f7">
         <name>.debug_info</name>
         <load_address>0x1a98f</load_address>
         <run_address>0x1a98f</run_address>
         <size>0x39</size>
         <input_file_ref idref="fl-dc"/>
      </object_component>
      <object_component id="oc-30b">
         <name>.debug_info</name>
         <load_address>0x1a9c8</load_address>
         <run_address>0x1a9c8</run_address>
         <size>0x39</size>
         <input_file_ref idref="fl-dc"/>
      </object_component>
      <object_component id="oc-2fc">
         <name>.debug_info</name>
         <load_address>0x1aa01</load_address>
         <run_address>0x1aa01</run_address>
         <size>0x39</size>
         <input_file_ref idref="fl-dc"/>
      </object_component>
      <object_component id="oc-301">
         <name>.debug_info</name>
         <load_address>0x1aa3a</load_address>
         <run_address>0x1aa3a</run_address>
         <size>0xcd</size>
         <input_file_ref idref="fl-dc"/>
      </object_component>
      <object_component id="oc-11d">
         <name>.debug_info</name>
         <load_address>0x1ab07</load_address>
         <run_address>0x1ab07</run_address>
         <size>0x153</size>
         <input_file_ref idref="fl-dd"/>
      </object_component>
      <object_component id="oc-202">
         <name>.debug_info</name>
         <load_address>0x1ac5a</load_address>
         <run_address>0x1ac5a</run_address>
         <size>0x122</size>
         <input_file_ref idref="fl-df"/>
      </object_component>
      <object_component id="oc-346">
         <name>.debug_info</name>
         <load_address>0x1ad7c</load_address>
         <run_address>0x1ad7c</run_address>
         <size>0xb1</size>
      </object_component>
      <object_component id="oc-198">
         <name>.debug_line</name>
         <load_address>0x0</load_address>
         <run_address>0x0</run_address>
         <size>0x3e</size>
         <input_file_ref idref="fl-2"/>
      </object_component>
      <object_component id="oc-28f">
         <name>.debug_line</name>
         <load_address>0x3e</load_address>
         <run_address>0x3e</run_address>
         <size>0x73</size>
         <input_file_ref idref="fl-2"/>
      </object_component>
      <object_component id="oc-4a">
         <name>.debug_line</name>
         <load_address>0xb1</load_address>
         <run_address>0xb1</run_address>
         <size>0x20</size>
         <input_file_ref idref="fl-2"/>
      </object_component>
      <object_component id="oc-163">
         <name>.debug_line</name>
         <load_address>0xd1</load_address>
         <run_address>0xd1</run_address>
         <size>0x78</size>
         <input_file_ref idref="fl-2"/>
      </object_component>
      <object_component id="oc-1bb">
         <name>.debug_line</name>
         <load_address>0x149</load_address>
         <run_address>0x149</run_address>
         <size>0x21f</size>
         <input_file_ref idref="fl-3"/>
      </object_component>
      <object_component id="oc-2ae">
         <name>.debug_line</name>
         <load_address>0x368</load_address>
         <run_address>0x368</run_address>
         <size>0x2c</size>
         <input_file_ref idref="fl-3"/>
      </object_component>
      <object_component id="oc-2ac">
         <name>.debug_line</name>
         <load_address>0x394</load_address>
         <run_address>0x394</run_address>
         <size>0x2c</size>
         <input_file_ref idref="fl-3"/>
      </object_component>
      <object_component id="oc-1e3">
         <name>.debug_line</name>
         <load_address>0x3c0</load_address>
         <run_address>0x3c0</run_address>
         <size>0x2c</size>
         <input_file_ref idref="fl-3"/>
      </object_component>
      <object_component id="oc-1e5">
         <name>.debug_line</name>
         <load_address>0x3ec</load_address>
         <run_address>0x3ec</run_address>
         <size>0x2c</size>
         <input_file_ref idref="fl-3"/>
      </object_component>
      <object_component id="oc-e1">
         <name>.debug_line</name>
         <load_address>0x418</load_address>
         <run_address>0x418</run_address>
         <size>0x225</size>
         <input_file_ref idref="fl-3"/>
      </object_component>
      <object_component id="oc-1a5">
         <name>.debug_line</name>
         <load_address>0x63d</load_address>
         <run_address>0x63d</run_address>
         <size>0x37</size>
         <input_file_ref idref="fl-3"/>
      </object_component>
      <object_component id="oc-171">
         <name>.debug_line</name>
         <load_address>0x674</load_address>
         <run_address>0x674</run_address>
         <size>0x7f</size>
         <input_file_ref idref="fl-3"/>
      </object_component>
      <object_component id="oc-1bf">
         <name>.debug_line</name>
         <load_address>0x6f3</load_address>
         <run_address>0x6f3</run_address>
         <size>0x2c</size>
         <input_file_ref idref="fl-3"/>
      </object_component>
      <object_component id="oc-1c4">
         <name>.debug_line</name>
         <load_address>0x71f</load_address>
         <run_address>0x71f</run_address>
         <size>0x7e</size>
         <input_file_ref idref="fl-3"/>
      </object_component>
      <object_component id="oc-1af">
         <name>.debug_line</name>
         <load_address>0x79d</load_address>
         <run_address>0x79d</run_address>
         <size>0x35</size>
         <input_file_ref idref="fl-3"/>
      </object_component>
      <object_component id="oc-fc">
         <name>.debug_line</name>
         <load_address>0x7d2</load_address>
         <run_address>0x7d2</run_address>
         <size>0x6f</size>
         <input_file_ref idref="fl-3"/>
      </object_component>
      <object_component id="oc-17b">
         <name>.debug_line</name>
         <load_address>0x841</load_address>
         <run_address>0x841</run_address>
         <size>0x83</size>
         <input_file_ref idref="fl-3"/>
      </object_component>
      <object_component id="oc-1c9">
         <name>.debug_line</name>
         <load_address>0x8c4</load_address>
         <run_address>0x8c4</run_address>
         <size>0x87</size>
         <input_file_ref idref="fl-3"/>
      </object_component>
      <object_component id="oc-1ce">
         <name>.debug_line</name>
         <load_address>0x94b</load_address>
         <run_address>0x94b</run_address>
         <size>0x80</size>
         <input_file_ref idref="fl-3"/>
      </object_component>
      <object_component id="oc-1d8">
         <name>.debug_line</name>
         <load_address>0x9cb</load_address>
         <run_address>0x9cb</run_address>
         <size>0x81</size>
         <input_file_ref idref="fl-3"/>
      </object_component>
      <object_component id="oc-94">
         <name>.debug_line</name>
         <load_address>0xa4c</load_address>
         <run_address>0xa4c</run_address>
         <size>0x83</size>
         <input_file_ref idref="fl-3"/>
      </object_component>
      <object_component id="oc-1d3">
         <name>.debug_line</name>
         <load_address>0xacf</load_address>
         <run_address>0xacf</run_address>
         <size>0x81</size>
         <input_file_ref idref="fl-3"/>
      </object_component>
      <object_component id="oc-180">
         <name>.debug_line</name>
         <load_address>0xb50</load_address>
         <run_address>0xb50</run_address>
         <size>0x73</size>
         <input_file_ref idref="fl-3"/>
      </object_component>
      <object_component id="oc-9e">
         <name>.debug_line</name>
         <load_address>0xbc3</load_address>
         <run_address>0xbc3</run_address>
         <size>0x70</size>
         <input_file_ref idref="fl-3"/>
      </object_component>
      <object_component id="oc-16c">
         <name>.debug_line</name>
         <load_address>0xc33</load_address>
         <run_address>0xc33</run_address>
         <size>0x6b</size>
         <input_file_ref idref="fl-3"/>
      </object_component>
      <object_component id="oc-99">
         <name>.debug_line</name>
         <load_address>0xc9e</load_address>
         <run_address>0xc9e</run_address>
         <size>0x92</size>
         <input_file_ref idref="fl-3"/>
      </object_component>
      <object_component id="oc-176">
         <name>.debug_line</name>
         <load_address>0xd30</load_address>
         <run_address>0xd30</run_address>
         <size>0x7f</size>
         <input_file_ref idref="fl-3"/>
      </object_component>
      <object_component id="oc-1ed">
         <name>.debug_line</name>
         <load_address>0xdaf</load_address>
         <run_address>0xdaf</run_address>
         <size>0x25a</size>
         <input_file_ref idref="fl-4"/>
      </object_component>
      <object_component id="oc-3c">
         <name>.debug_line</name>
         <load_address>0x1009</load_address>
         <run_address>0x1009</run_address>
         <size>0xcf</size>
         <input_file_ref idref="fl-4"/>
      </object_component>
      <object_component id="oc-f8">
         <name>.debug_line</name>
         <load_address>0x10d8</load_address>
         <run_address>0x10d8</run_address>
         <size>0x41</size>
         <input_file_ref idref="fl-5"/>
      </object_component>
      <object_component id="oc-3f">
         <name>.debug_line</name>
         <load_address>0x1119</load_address>
         <run_address>0x1119</run_address>
         <size>0x41</size>
         <input_file_ref idref="fl-5"/>
      </object_component>
      <object_component id="oc-2a">
         <name>.debug_line</name>
         <load_address>0x115a</load_address>
         <run_address>0x115a</run_address>
         <size>0xa1</size>
         <input_file_ref idref="fl-5"/>
      </object_component>
      <object_component id="oc-27e">
         <name>.debug_line</name>
         <load_address>0x11fb</load_address>
         <run_address>0x11fb</run_address>
         <size>0x1b3</size>
         <input_file_ref idref="fl-6"/>
      </object_component>
      <object_component id="oc-a8">
         <name>.debug_line</name>
         <load_address>0x13ae</load_address>
         <run_address>0x13ae</run_address>
         <size>0x2f0</size>
         <input_file_ref idref="fl-6"/>
      </object_component>
      <object_component id="oc-194">
         <name>.debug_line</name>
         <load_address>0x169e</load_address>
         <run_address>0x169e</run_address>
         <size>0x6b</size>
         <input_file_ref idref="fl-6"/>
      </object_component>
      <object_component id="oc-24b">
         <name>.debug_line</name>
         <load_address>0x1709</load_address>
         <run_address>0x1709</run_address>
         <size>0x83</size>
         <input_file_ref idref="fl-6"/>
      </object_component>
      <object_component id="oc-282">
         <name>.debug_line</name>
         <load_address>0x178c</load_address>
         <run_address>0x178c</run_address>
         <size>0x45</size>
         <input_file_ref idref="fl-6"/>
      </object_component>
      <object_component id="oc-187">
         <name>.debug_line</name>
         <load_address>0x17d1</load_address>
         <run_address>0x17d1</run_address>
         <size>0x87</size>
         <input_file_ref idref="fl-6"/>
      </object_component>
      <object_component id="oc-2da">
         <name>.debug_line</name>
         <load_address>0x1858</load_address>
         <run_address>0x1858</run_address>
         <size>0x20</size>
         <input_file_ref idref="fl-7"/>
      </object_component>
      <object_component id="oc-13d">
         <name>.debug_line</name>
         <load_address>0x1878</load_address>
         <run_address>0x1878</run_address>
         <size>0xf0</size>
         <input_file_ref idref="fl-7"/>
      </object_component>
      <object_component id="oc-285">
         <name>.debug_line</name>
         <load_address>0x1968</load_address>
         <run_address>0x1968</run_address>
         <size>0x1b3</size>
         <input_file_ref idref="fl-8"/>
      </object_component>
      <object_component id="oc-b0">
         <name>.debug_line</name>
         <load_address>0x1b1b</load_address>
         <run_address>0x1b1b</run_address>
         <size>0x7a4</size>
         <input_file_ref idref="fl-8"/>
      </object_component>
      <object_component id="oc-289">
         <name>.debug_line</name>
         <load_address>0x22bf</load_address>
         <run_address>0x22bf</run_address>
         <size>0x3e</size>
         <input_file_ref idref="fl-8"/>
      </object_component>
      <object_component id="oc-18e">
         <name>.debug_line</name>
         <load_address>0x22fd</load_address>
         <run_address>0x22fd</run_address>
         <size>0x80</size>
         <input_file_ref idref="fl-8"/>
      </object_component>
      <object_component id="oc-241">
         <name>.debug_line</name>
         <load_address>0x237d</load_address>
         <run_address>0x237d</run_address>
         <size>0x74</size>
         <input_file_ref idref="fl-8"/>
      </object_component>
      <object_component id="oc-23d">
         <name>.debug_line</name>
         <load_address>0x23f1</load_address>
         <run_address>0x23f1</run_address>
         <size>0x2a2</size>
         <input_file_ref idref="fl-9"/>
      </object_component>
      <object_component id="oc-12c">
         <name>.debug_line</name>
         <load_address>0x2693</load_address>
         <run_address>0x2693</run_address>
         <size>0x3e</size>
         <input_file_ref idref="fl-9"/>
      </object_component>
      <object_component id="oc-258">
         <name>.debug_line</name>
         <load_address>0x26d1</load_address>
         <run_address>0x26d1</run_address>
         <size>0x3e</size>
         <input_file_ref idref="fl-9"/>
      </object_component>
      <object_component id="oc-27a">
         <name>.debug_line</name>
         <load_address>0x270f</load_address>
         <run_address>0x270f</run_address>
         <size>0x3e</size>
         <input_file_ref idref="fl-9"/>
      </object_component>
      <object_component id="oc-27c">
         <name>.debug_line</name>
         <load_address>0x274d</load_address>
         <run_address>0x274d</run_address>
         <size>0x3e</size>
         <input_file_ref idref="fl-9"/>
      </object_component>
      <object_component id="oc-278">
         <name>.debug_line</name>
         <load_address>0x278b</load_address>
         <run_address>0x278b</run_address>
         <size>0x3e</size>
         <input_file_ref idref="fl-9"/>
      </object_component>
      <object_component id="oc-276">
         <name>.debug_line</name>
         <load_address>0x27c9</load_address>
         <run_address>0x27c9</run_address>
         <size>0x3e</size>
         <input_file_ref idref="fl-9"/>
      </object_component>
      <object_component id="oc-272">
         <name>.debug_line</name>
         <load_address>0x2807</load_address>
         <run_address>0x2807</run_address>
         <size>0x3e</size>
         <input_file_ref idref="fl-9"/>
      </object_component>
      <object_component id="oc-274">
         <name>.debug_line</name>
         <load_address>0x2845</load_address>
         <run_address>0x2845</run_address>
         <size>0x3e</size>
         <input_file_ref idref="fl-9"/>
      </object_component>
      <object_component id="oc-8a">
         <name>.debug_line</name>
         <load_address>0x2883</load_address>
         <run_address>0x2883</run_address>
         <size>0xb03</size>
         <input_file_ref idref="fl-9"/>
      </object_component>
      <object_component id="oc-131">
         <name>.debug_line</name>
         <load_address>0x3386</load_address>
         <run_address>0x3386</run_address>
         <size>0x7f</size>
         <input_file_ref idref="fl-9"/>
      </object_component>
      <object_component id="oc-246">
         <name>.debug_line</name>
         <load_address>0x3405</load_address>
         <run_address>0x3405</run_address>
         <size>0x3e</size>
         <input_file_ref idref="fl-9"/>
      </object_component>
      <object_component id="oc-2e4">
         <name>.debug_line</name>
         <load_address>0x3443</load_address>
         <run_address>0x3443</run_address>
         <size>0x213</size>
         <input_file_ref idref="fl-a"/>
      </object_component>
      <object_component id="oc-2e0">
         <name>.debug_line</name>
         <load_address>0x3656</load_address>
         <run_address>0x3656</run_address>
         <size>0x3f</size>
         <input_file_ref idref="fl-a"/>
      </object_component>
      <object_component id="oc-2e2">
         <name>.debug_line</name>
         <load_address>0x3695</load_address>
         <run_address>0x3695</run_address>
         <size>0x3f</size>
         <input_file_ref idref="fl-a"/>
      </object_component>
      <object_component id="oc-2de">
         <name>.debug_line</name>
         <load_address>0x36d4</load_address>
         <run_address>0x36d4</run_address>
         <size>0x3f</size>
         <input_file_ref idref="fl-a"/>
      </object_component>
      <object_component id="oc-2dc">
         <name>.debug_line</name>
         <load_address>0x3713</load_address>
         <run_address>0x3713</run_address>
         <size>0x3f</size>
         <input_file_ref idref="fl-a"/>
      </object_component>
      <object_component id="oc-145">
         <name>.debug_line</name>
         <load_address>0x3752</load_address>
         <run_address>0x3752</run_address>
         <size>0x4d8</size>
         <input_file_ref idref="fl-a"/>
      </object_component>
      <object_component id="oc-26f">
         <name>.debug_line</name>
         <load_address>0x3c2a</load_address>
         <run_address>0x3c2a</run_address>
         <size>0x3f</size>
         <input_file_ref idref="fl-a"/>
      </object_component>
      <object_component id="oc-269">
         <name>.debug_line</name>
         <load_address>0x3c69</load_address>
         <run_address>0x3c69</run_address>
         <size>0x81</size>
         <input_file_ref idref="fl-a"/>
      </object_component>
      <object_component id="oc-168">
         <name>.debug_line</name>
         <load_address>0x3cea</load_address>
         <run_address>0x3cea</run_address>
         <size>0xb2</size>
         <input_file_ref idref="fl-b"/>
      </object_component>
      <object_component id="oc-134">
         <name>.debug_line</name>
         <load_address>0x3d9c</load_address>
         <run_address>0x3d9c</run_address>
         <size>0x53</size>
         <input_file_ref idref="fl-b"/>
      </object_component>
      <object_component id="oc-166">
         <name>.debug_line</name>
         <load_address>0x3def</load_address>
         <run_address>0x3def</run_address>
         <size>0x53</size>
         <input_file_ref idref="fl-b"/>
      </object_component>
      <object_component id="oc-37">
         <name>.debug_line</name>
         <load_address>0x3e42</load_address>
         <run_address>0x3e42</run_address>
         <size>0x192</size>
         <input_file_ref idref="fl-b"/>
      </object_component>
      <object_component id="oc-2e">
         <name>.debug_line</name>
         <load_address>0x3fd4</load_address>
         <run_address>0x3fd4</run_address>
         <size>0xe8</size>
         <input_file_ref idref="fl-c"/>
      </object_component>
      <object_component id="oc-2d8">
         <name>.debug_line</name>
         <load_address>0x40bc</load_address>
         <run_address>0x40bc</run_address>
         <size>0x7f</size>
         <input_file_ref idref="fl-d"/>
      </object_component>
      <object_component id="oc-2d6">
         <name>.debug_line</name>
         <load_address>0x413b</load_address>
         <run_address>0x413b</run_address>
         <size>0x50</size>
         <input_file_ref idref="fl-d"/>
      </object_component>
      <object_component id="oc-2d4">
         <name>.debug_line</name>
         <load_address>0x418b</load_address>
         <run_address>0x418b</run_address>
         <size>0x50</size>
         <input_file_ref idref="fl-d"/>
      </object_component>
      <object_component id="oc-136">
         <name>.debug_line</name>
         <load_address>0x41db</load_address>
         <run_address>0x41db</run_address>
         <size>0xd5</size>
         <input_file_ref idref="fl-d"/>
      </object_component>
      <object_component id="oc-298">
         <name>.debug_line</name>
         <load_address>0x42b0</load_address>
         <run_address>0x42b0</run_address>
         <size>0x73</size>
         <input_file_ref idref="fl-e"/>
      </object_component>
      <object_component id="oc-c4">
         <name>.debug_line</name>
         <load_address>0x4323</load_address>
         <run_address>0x4323</run_address>
         <size>0xc9</size>
         <input_file_ref idref="fl-11"/>
      </object_component>
      <object_component id="oc-29d">
         <name>.debug_line</name>
         <load_address>0x43ec</load_address>
         <run_address>0x43ec</run_address>
         <size>0x66</size>
         <input_file_ref idref="fl-12"/>
      </object_component>
      <object_component id="oc-29b">
         <name>.debug_line</name>
         <load_address>0x4452</load_address>
         <run_address>0x4452</run_address>
         <size>0x35</size>
         <input_file_ref idref="fl-12"/>
      </object_component>
      <object_component id="oc-be">
         <name>.debug_line</name>
         <load_address>0x4487</load_address>
         <run_address>0x4487</run_address>
         <size>0x16d</size>
         <input_file_ref idref="fl-12"/>
      </object_component>
      <object_component id="oc-2b2">
         <name>.debug_line</name>
         <load_address>0x45f4</load_address>
         <run_address>0x45f4</run_address>
         <size>0x20</size>
         <input_file_ref idref="fl-13"/>
      </object_component>
      <object_component id="oc-1ea">
         <name>.debug_line</name>
         <load_address>0x4614</load_address>
         <run_address>0x4614</run_address>
         <size>0x3b</size>
         <input_file_ref idref="fl-13"/>
      </object_component>
      <object_component id="oc-b2">
         <name>.debug_line</name>
         <load_address>0x464f</load_address>
         <run_address>0x464f</run_address>
         <size>0xe5</size>
         <input_file_ref idref="fl-14"/>
      </object_component>
      <object_component id="oc-d4">
         <name>.debug_line</name>
         <load_address>0x4734</load_address>
         <run_address>0x4734</run_address>
         <size>0x69</size>
         <input_file_ref idref="fl-15"/>
      </object_component>
      <object_component id="oc-294">
         <name>.debug_line</name>
         <load_address>0x479d</load_address>
         <run_address>0x479d</run_address>
         <size>0x66</size>
         <input_file_ref idref="fl-16"/>
      </object_component>
      <object_component id="oc-292">
         <name>.debug_line</name>
         <load_address>0x4803</load_address>
         <run_address>0x4803</run_address>
         <size>0x37</size>
[...]
      </symbol>
      <symbol id="sm-5c6">
         <name>vTaskStartScheduler</name>
         <value>0x6e1</value>
         <object_component_ref idref="oc-85"/>
      </symbol>
      <symbol id="sm-5c7">
         <name>vTaskInternalSetTimeOutState</name>
         <value>0x11bd</value>
         <object_component_ref idref="oc-85"/>
      </symbol>
      <symbol id="sm-5c8">
         <name>pvTaskIncrementMutexHeldCount</name>
         <value>0x178b</value>
         <object_component_ref idref="oc-85"/>
      </symbol>
      <symbol id="sm-5c9">
         <name>xTaskGenericNotifyStateClear</name>
         <value>0x1f35</value>
         <object_component_ref idref="oc-85"/>
      </symbol>
      <symbol id="sm-5ca">
         <name>xTaskGenericNotify</name>
         <value>0x1949</value>
         <object_component_ref idref="oc-85"/>
      </symbol>
      <symbol id="sm-5cb">
         <name>vTaskPriorityDisinheritAfterTimeout</name>
         <value>0x161d</value>
         <object_component_ref idref="oc-85"/>
      </symbol>
      <symbol id="sm-5cc">
         <name>xTaskCreate</name>
         <value>0x26d</value>
         <object_component_ref idref="oc-85"/>
      </symbol>
      <symbol id="sm-5cd">
         <name>xTaskGetApplicationTaskTagFromISR</name>
         <value>0xc39</value>
         <object_component_ref idref="oc-85"/>
      </symbol>
      <symbol id="sm-5ce">
         <name>xTaskDelayUntil</name>
         <value>0x593</value>
         <object_component_ref idref="oc-85"/>
      </symbol>
      <symbol id="sm-5cf">
         <name>vTaskEndScheduler</name>
         <value>0x757</value>
         <object_component_ref idref="oc-85"/>
      </symbol>
      <symbol id="sm-5d0">
         <name>vTaskMissedYield</name>
         <value>0x1281</value>
         <object_component_ref idref="oc-85"/>
      </symbol>
      <symbol id="sm-5d1">
         <name>uxTaskGetNumberOfTasks</name>
         <value>0x951</value>
         <object_component_ref idref="oc-85"/>
      </symbol>
      <symbol id="sm-5d2">
         <name>xTaskCatchUpTicks</name>
         <value>0x9a1</value>
         <object_component_ref idref="oc-85"/>
      </symbol>
      <symbol id="sm-5d3">
         <name>xTaskGenericNotifyFromISR</name>
         <value>0x1b2f</value>
         <object_component_ref idref="oc-85"/>
      </symbol>
      <symbol id="sm-5d4">
         <name>xTaskResumeAll</name>
         <value>0x789</value>
         <object_component_ref idref="oc-85"/>
      </symbol>
      <symbol id="sm-5d5">
         <name>vTaskSetApplicationTaskTag</name>
         <value>0xbe9</value>
         <object_component_ref idref="oc-85"/>
      </symbol>
      <symbol id="sm-5d6">
         <name>xTaskGetTickCount</name>
         <value>0x92d</value>
         <object_component_ref idref="oc-85"/>
      </symbol>
      <symbol id="sm-5d7">
         <name>ulTaskGenericNotifyTake</name>
         <value>0x17a3</value>
         <object_component_ref idref="oc-85"/>
      </symbol>
      <symbol id="sm-5d8">
         <name>vTaskDelete</name>
         <value>0x4bf</value>
         <object_component_ref idref="oc-85"/>
      </symbol>
      <symbol id="sm-5d9">
         <name>xTaskGetApplicationTaskTag</name>
         <value>0xc0f</value>
         <object_component_ref idref="oc-85"/>
      </symbol>
      <symbol id="sm-5da">
         <name>xTaskCallApplicationTaskHook</name>
         <value>0xc73</value>
         <object_component_ref idref="oc-85"/>
      </symbol>
      <symbol id="sm-5db">
         <name>ulTaskGenericNotifyValueClear</name>
         <value>0x1f9d</value>
         <object_component_ref idref="oc-85"/>
      </symbol>
      <symbol id="sm-5dc">
         <name>xTaskGenericNotifyWait</name>
         <value>0x1861</value>
         <object_component_ref idref="oc-85"/>
      </symbol>
      <symbol id="sm-5dd">
         <name>pxCurrentTCB</name>
         <value>0x20002470</value>
         <object_component_ref idref="oc-7f"/>
      </symbol>
      <symbol id="sm-5de">
         <name>xTaskGetTickCountFromISR</name>
         <value>0x93d</value>
         <object_component_ref idref="oc-85"/>
      </symbol>
      <symbol id="sm-5df">
         <name>uxTopUsedPriority</name>
         <value>0x634c</value>
         <object_component_ref idref="oc-14d"/>
      </symbol>
      <symbol id="sm-5e0">
         <name>vTaskPlaceOnEventListRestricted</name>
         <value>0xe65</value>
         <object_component_ref idref="oc-85"/>
      </symbol>
      <symbol id="sm-5e1">
         <name>vTaskSetTimeOutState</name>
         <value>0x118b</value>
         <object_component_ref idref="oc-85"/>
      </symbol>
      <symbol id="sm-5e2">
         <name>xTaskIncrementTick</name>
         <value>0xa0d</value>
         <object_component_ref idref="oc-85"/>
      </symbol>
      <symbol id="sm-5e3">
         <name>vTaskSwitchContext</name>
         <value>0xcbd</value>
         <object_component_ref idref="oc-85"/>
      </symbol>
      <symbol id="sm-5e4">
         <name>uxTaskResetEventItemValue</name>
         <value>0x1769</value>
         <object_component_ref idref="oc-85"/>
      </symbol>
      <symbol id="sm-5e5">
         <name>xTaskGetSchedulerState</name>
         <value>0x1399</value>
         <object_component_ref idref="oc-85"/>
      </symbol>
      <symbol id="sm-5e6">
         <name>xTaskGetCurrentTaskHandle</name>
         <value>0x1389</value>
         <object_component_ref idref="oc-85"/>
      </symbol>
      <symbol id="sm-5e7">
         <name>vTaskPlaceOnUnorderedEventList</name>
         <value>0xdc5</value>
         <object_component_ref idref="oc-85"/>
      </symbol>
      <symbol id="sm-5e8">
         <name>xTaskRemoveFromEventList</name>
         <value>0xee5</value>
         <object_component_ref idref="oc-85"/>
      </symbol>
      <symbol id="sm-5e9">
         <name>xTaskPriorityInherit</name>
         <value>0x13c9</value>
         <object_component_ref idref="oc-85"/>
      </symbol>
      <symbol id="sm-6b0">
         <name>xTimerGetTimerDaemonTaskHandle</name>
         <value>0x4379</value>
         <object_component_ref idref="oc-144"/>
      </symbol>
      <symbol id="sm-6b1">
         <name>pcTimerGetName</name>
         <value>0x4481</value>
         <object_component_ref idref="oc-144"/>
      </symbol>
      <symbol id="sm-6b2">
         <name>xTimerCreateTimerTask</name>
         <value>0x421d</value>
         <object_component_ref idref="oc-144"/>
      </symbol>
      <symbol id="sm-6b3">
         <name>xTimerGetExpiryTime</name>
         <value>0x4453</value>
         <object_component_ref idref="oc-144"/>
      </symbol>
      <symbol id="sm-6b4">
         <name>xTimerIsTimerActive</name>
         <value>0x48a9</value>
         <object_component_ref idref="oc-144"/>
      </symbol>
      <symbol id="sm-6b5">
         <name>xTimerGetPeriod</name>
         <value>0x439b</value>
         <object_component_ref idref="oc-144"/>
      </symbol>
      <symbol id="sm-6b6">
         <name>xTimerGetReloadMode</name>
         <value>0x440b</value>
         <object_component_ref idref="oc-144"/>
      </symbol>
      <symbol id="sm-6b7">
         <name>xTimerCreate</name>
         <value>0x425b</value>
         <object_component_ref idref="oc-144"/>
      </symbol>
      <symbol id="sm-6b8">
         <name>vTimerSetReloadMode</name>
         <value>0x43c1</value>
         <object_component_ref idref="oc-144"/>
      </symbol>
      <symbol id="sm-6b9">
         <name>xTimerGenericCommand</name>
         <value>0x42f9</value>
         <object_component_ref idref="oc-144"/>
      </symbol>
      <symbol id="sm-6ba">
         <name>uxTimerGetReloadMode</name>
         <value>0x4447</value>
         <object_component_ref idref="oc-144"/>
      </symbol>
      <symbol id="sm-6bb">
         <name>pvTimerGetTimerID</name>
         <value>0x48e5</value>
         <object_component_ref idref="oc-144"/>
      </symbol>
      <symbol id="sm-6bc">
         <name>xTimerPendFunctionCallFromISR</name>
         <value>0x4941</value>
         <object_component_ref idref="oc-144"/>
      </symbol>
      <symbol id="sm-6bd">
         <name>xTimerPendFunctionCall</name>
         <value>0x4977</value>
         <object_component_ref idref="oc-144"/>
      </symbol>
      <symbol id="sm-6be">
         <name>vTimerSetTimerID</name>
         <value>0x4913</value>
         <object_component_ref idref="oc-144"/>
      </symbol>
      <symbol id="sm-70e">
         <name>ulMaxSyscallInterruptPriority</name>
         <value>0x6340</value>
         <object_component_ref idref="oc-82"/>
      </symbol>
      <symbol id="sm-70f">
         <name>vPortSetupTimerInterrupt</name>
         <value>0x56c9</value>
         <object_component_ref idref="oc-32"/>
      </symbol>
      <symbol id="sm-710">
         <name>vPortEndScheduler</name>
         <value>0x5611</value>
         <object_component_ref idref="oc-32"/>
      </symbol>
      <symbol id="sm-711">
         <name>xPortSysTickHandler</name>
         <value>0x56a3</value>
         <object_component_ref idref="oc-32"/>
      </symbol>
      <symbol id="sm-712">
         <name>vPortValidateInterruptPriority</name>
         <value>0x56e5</value>
         <object_component_ref idref="oc-32"/>
      </symbol>
      <symbol id="sm-713">
         <name>pxPortInitialiseStack</name>
         <value>0x54cd</value>
         <object_component_ref idref="oc-32"/>
      </symbol>
      <symbol id="sm-714">
         <name>vPortExitCritical</name>
         <value>0x5677</value>
         <object_component_ref idref="oc-32"/>
      </symbol>
      <symbol id="sm-715">
         <name>xPortStartScheduler</name>
         <value>0x5559</value>
         <object_component_ref idref="oc-32"/>
      </symbol>
      <symbol id="sm-716">
         <name>vPortEnterCritical</name>
         <value>0x5635</value>
         <object_component_ref idref="oc-32"/>
      </symbol>
      <symbol id="sm-725">
         <name>vPortStartFirstTask</name>
         <value>0x5e81</value>
         <object_component_ref idref="oc-2d"/>
      </symbol>
      <symbol id="sm-726">
         <name>ulPortGetIPSR</name>
         <value>0x5de9</value>
         <object_component_ref idref="oc-2d"/>
      </symbol>
      <symbol id="sm-727">
         <name>vPortEnableVFP</name>
         <value>0x5ea5</value>
         <object_component_ref idref="oc-2d"/>
      </symbol>
      <symbol id="sm-728">
         <name>xPortPendSVHandler</name>
         <value>0x5e01</value>
         <object_component_ref idref="oc-2d"/>
      </symbol>
      <symbol id="sm-729">
         <name>vPortSVCHandler</name>
         <value>0x5e61</value>
         <object_component_ref idref="oc-2d"/>
      </symbol>
      <symbol id="sm-753">
         <name>vPortInitialiseBlocks</name>
         <value>0x5f65</value>
         <object_component_ref idref="oc-135"/>
      </symbol>
      <symbol id="sm-754">
         <name>xPortGetFreeHeapSize</name>
         <value>0x5f6d</value>
         <object_component_ref idref="oc-135"/>
      </symbol>
      <symbol id="sm-755">
         <name>pvPortMalloc</name>
         <value>0x5eb5</value>
         <object_component_ref idref="oc-135"/>
      </symbol>
      <symbol id="sm-756">
         <name>vPortFree</name>
         <value>0x5f41</value>
         <object_component_ref idref="oc-135"/>
      </symbol>
      <symbol id="sm-784">
         <name>ADC1_ReadChannel</name>
         <value>0x5c23</value>
         <object_component_ref idref="oc-c3"/>
      </symbol>
      <symbol id="sm-785">
         <name>ADC1_Init</name>
         <value>0x5bdb</value>
         <object_component_ref idref="oc-c3"/>
      </symbol>
      <symbol id="sm-786">
         <name>ADC0_Init</name>
         <value>0x5b5d</value>
         <object_component_ref idref="oc-c3"/>
      </symbol>
      <symbol id="sm-787">
         <name>ADC0_ReadChannel</name>
         <value>0x5ba5</value>
         <object_component_ref idref="oc-c3"/>
      </symbol>
      <symbol id="sm-7cf">
         <name>Dio_WriteChannel</name>
         <value>0x4efd</value>
         <object_component_ref idref="oc-bd"/>
      </symbol>
      <symbol id="sm-7d0">
         <name>Dio_FlipChannel</name>
         <value>0x50b7</value>
         <object_component_ref idref="oc-bd"/>
      </symbol>
      <symbol id="sm-7d1">
         <name>Dio_Init</name>
         <value>0x4ed9</value>
         <object_component_ref idref="oc-bd"/>
      </symbol>
      <symbol id="sm-7d2">
         <name>Dio_ReadChannel</name>
         <value>0x4fdd</value>
         <object_component_ref idref="oc-bd"/>
      </symbol>
      <symbol id="sm-7dd">
         <name>Dio_Configuration</name>
         <value>0x6330</value>
         <object_component_ref idref="oc-f2"/>
      </symbol>
      <symbol id="sm-80c">
         <name>GPIO_ExternalLEDSPASSENGER</name>
         <value>0x588d</value>
         <object_component_ref idref="oc-b1"/>
      </symbol>
      <symbol id="sm-80d">
         <name>GPIO_SW2EdgeTriggeredInterruptInit</name>
         <value>0x583f</value>
         <object_component_ref idref="oc-b1"/>
      </symbol>
      <symbol id="sm-80e">
         <name>GPIO_BuiltinButtonsLedsInit</name>
         <value>0x577d</value>
         <object_component_ref idref="oc-b1"/>
      </symbol>
      <symbol id="sm-80f">
         <name>GPIO_ExtraExternalButtonTriggeredInterruptInit</name>
         <value>0x58d3</value>
         <object_component_ref idref="oc-b1"/>
      </symbol>
      <symbol id="sm-810">
         <name>GPIO_SW1EdgeTriggeredInterruptInit</name>
         <value>0x57f1</value>
         <object_component_ref idref="oc-b1"/>
      </symbol>
      <symbol id="sm-822">
         <name>GPTM_WTimer0Init</name>
         <value>0x6209</value>
         <object_component_ref idref="oc-cf"/>
      </symbol>
      <symbol id="sm-823">
         <name>GPTM_WTimer0Read</name>
         <value>0x6239</value>
         <object_component_ref idref="oc-cf"/>
      </symbol>
      <symbol id="sm-89d">
         <name>Port_Init</name>
         <value>0x39e5</value>
         <object_component_ref idref="oc-b7"/>
      </symbol>
      <symbol id="sm-89e">
         <name>Port_SetPinDirection</name>
         <value>0x3dcd</value>
         <object_component_ref idref="oc-b7"/>
      </symbol>
      <symbol id="sm-89f">
         <name>Port_SetPinMode</name>
         <value>0x3f3b</value>
         <object_component_ref idref="oc-b7"/>
      </symbol>
      <symbol id="sm-8a0">
         <name>Port_RefreshPortDirection</name>
         <value>0x4091</value>
         <object_component_ref idref="oc-b7"/>
      </symbol>
      <symbol id="sm-8ab">
         <name>port_config</name>
         <value>0x20002310</value>
         <object_component_ref idref="oc-ef"/>
      </symbol>
      <symbol id="sm-8d9">
         <name>UART0_SendInteger</name>
         <value>0x5a7d</value>
         <object_component_ref idref="oc-c9"/>
      </symbol>
      <symbol id="sm-8da">
         <name>UART0_ReceiveByte</name>
         <value>0x5a47</value>
         <object_component_ref idref="oc-c9"/>
      </symbol>
      <symbol id="sm-8db">
         <name>UART0_SendByte</name>
         <value>0x5a2b</value>
         <object_component_ref idref="oc-c9"/>
      </symbol>
      <symbol id="sm-8dc">
         <name>UART0_Init</name>
         <value>0x59eb</value>
         <object_component_ref idref="oc-c9"/>
      </symbol>
      <symbol id="sm-8dd">
         <name>UART0_SendString</name>
         <value>0x5a57</value>
         <object_component_ref idref="oc-c9"/>
      </symbol>
      <symbol id="sm-8e6">
         <name>__aeabi_lmul</name>
         <value>0x62d5</value>
         <object_component_ref idref="oc-a0"/>
      </symbol>
      <symbol id="sm-901">
         <name>memcpy</name>
         <value>0x5f85</value>
         <object_component_ref idref="oc-4c"/>
      </symbol>
      <symbol id="sm-902">
         <name>__aeabi_memcpy</name>
         <value>0x5f85</value>
         <object_component_ref idref="oc-4c"/>
      </symbol>
      <symbol id="sm-903">
         <name>__aeabi_memcpy8</name>
         <value>0x5f85</value>
         <object_component_ref idref="oc-4c"/>
      </symbol>
      <symbol id="sm-904">
         <name>__aeabi_memcpy4</name>
         <value>0x5f85</value>
         <object_component_ref idref="oc-4c"/>
      </symbol>
      <symbol id="sm-913">
         <name>__aeabi_memset</name>
         <value>0x60b9</value>
         <object_component_ref idref="oc-113"/>
      </symbol>
      <symbol id="sm-914">
         <name>memset</name>
         <value>0x60bf</value>
         <object_component_ref idref="oc-113"/>
      </symbol>
      <symbol id="sm-915">
         <name>__aeabi_memset8</name>
         <value>0x60b9</value>
         <object_component_ref idref="oc-113"/>
      </symbol>
      <symbol id="sm-916">
         <name>__aeabi_memset4</name>
         <value>0x60b9</value>
         <object_component_ref idref="oc-113"/>
      </symbol>
      <symbol id="sm-917">
         <name>__aeabi_memclr8</name>
         <value>0x60b7</value>
         <object_component_ref idref="oc-113"/>
      </symbol>
      <symbol id="sm-918">
         <name>__aeabi_memclr4</name>
         <value>0x60b7</value>
         <object_component_ref idref="oc-113"/>
      </symbol>
      <symbol id="sm-919">
         <name>__aeabi_memclr</name>
         <value>0x60b7</value>
         <object_component_ref idref="oc-113"/>
      </symbol>
      <symbol id="sm-927">
         <name>__aeabi_ldivmod</name>
         <value>0x6131</value>
         <object_component_ref idref="oc-1b2"/>
      </symbol>
      <symbol id="sm-934">
         <name>__aeabi_uldivmod</name>
         <value>0x6021</value>
         <object_component_ref idref="oc-2a3"/>
      </symbol>
      <symbol id="sm-94b">
         <name>__TI_zero_init</name>
         <value>0x6311</value>
         <object_component_ref idref="oc-5e"/>
      </symbol>
      <symbol id="sm-962">
         <name>__TI_decompress_none</name>
         <value>0x6303</value>
         <object_component_ref idref="oc-1b"/>
      </symbol>
      <symbol id="sm-985">
         <name>__TI_decompress_lzss</name>
         <value>0x619f</value>
         <object_component_ref idref="oc-15"/>
      </symbol>
      <symbol id="sm-998">
         <name>__stack</name>
         <value>0x20002110</value>
         <object_component_ref idref="oc-24"/>
      </symbol>
      <symbol id="sm-999">
         <name>_c_int00_noargs</name>
         <value>0x62a1</value>
         <object_component_ref idref="oc-6a"/>
      </symbol>
      <symbol id="sm-9a3">
         <name>__aeabi_idiv0</name>
         <value>0x30d7</value>
         <object_component_ref idref="oc-29e"/>
      </symbol>
      <symbol id="sm-9a4">
         <name>__aeabi_ldiv0</name>
         <value>0x30d7</value>
         <object_component_ref idref="oc-29e"/>
      </symbol>
      <symbol id="sm-9cc">
         <name>__TI_auto_init_nobinit_nopinit</name>
         <value>0x625d</value>
         <object_component_ref idref="oc-20a"/>
      </symbol>
      <symbol id="sm-9d6">
         <name>_system_pre_init</name>
         <value>0x6329</value>
         <object_component_ref idref="oc-119"/>
      </symbol>
      <symbol id="sm-9e2">
         <name>C$$EXIT</name>
         <value>0x632d</value>
         <object_component_ref idref="oc-1fe"/>
      </symbol>
      <symbol id="sm-9e3">
         <name>abort</name>
         <value>0x632d</value>
         <object_component_ref idref="oc-1fe"/>
      </symbol>
      <symbol id="sm-9e6">
         <name>__TI_static_base__</name>
         <value>0x0</value>
      </symbol>
      <symbol id="sm-9e9">
         <name>__mpu_init</name>
         <value>0x0</value>
      </symbol>
      <symbol id="sm-9ea">
         <name>_system_post_cinit</name>
         <value>0x0</value>
      </symbol>
   </symbol_table>
   <title>Link successful</title>
</link_info>
