******************************************************************************
                  TI ARM Linker PC v20.2.7                     
******************************************************************************
>> Linked Sun Jul 21 20:24:47 2024

OUTPUT FILE NAME:   <Seat_Heater_Control_System.out>
ENTRY POINT SYMBOL: "_c_int00_noargs"  address: 000062a1


MEMORY CONFIGURATION

         name            origin    length      used     unused   attr    fill
----------------------  --------  ---------  --------  --------  ----  --------
  FLASH                 00000000   00040000  00006418  00039be8  R  X
  SRAM                  20000000   00008000  000024e9  00005b17  RW X


SEGMENT ALLOCATION MAP

run origin  load origin   length   init length attrs members
----------  ----------- ---------- ----------- ----- -------
00000000    00000000    00006418   00006418    r-x
  00000000    00000000    0000026c   0000026c    r-- .intvecs
  0000026c    0000026c    000060c4   000060c4    r-x .text
  00006330    00006330    00000020   00000020    r-- .const
  00006350    00006350    000000c8   000000c8    r-- .cinit
20000000    20000000    000024e9   00000000    rw-
  20000000    20000000    00002110   00000000    rw- .bss
  20002110    20002110    00000200   00000000    rw- .stack
  20002310    20002310    000001d9   00000000    rw- .data


SECTION ALLOCATION MAP

 output                                  attributes/
section   page    origin      length       input sections
--------  ----  ----------  ----------   ----------------
.intvecs   0    00000000    0000026c     
                  00000000    0000026c     tm4c123gh6pm_startup_ccs.obj (.intvecs)

.text      0    0000026c    000060c4     
                  0000026c    00001e18     tasks.obj (.text)
                  00002084    00001052     queue.obj (.text)
                  000030d6    00000002     rtsv7M4_T_le_v4SPD16_eabi.lib : div0.asm.obj (.text)
                  000030d8    0000090c     app.obj (.text)
                  000039e4    00000838     Port.obj (.text)
                  0000421c    000007bc     timers.obj (.text)
                  000049d8    000004fe     event_groups.obj (.text)
                  00004ed6    00000002     --HOLE-- [fill = 0]
                  00004ed8    0000030c     Dio.obj (.text)
                  000051e4    000002e8     main.obj (.text)
                  000054cc    000002b0     port.obj (.text)
                  0000577c    00000218     gpio.obj (.text)
                  00005994    000001c8     uart0.obj (.text)
                  00005b5c    00000150     adc.obj (.text)
                  00005cac    0000012a     list.obj (.text)
                  00005dd6    00000002     --HOLE-- [fill = 0]
                  00005dd8    000000da     portasm.obj (.text)
                  00005eb2    00000002     --HOLE-- [fill = 0]
                  00005eb4    000000d0     heap_1.obj (.text)
                  00005f84    0000009c     rtsv7M4_T_le_v4SPD16_eabi.lib : memcpy_t2.asm.obj (.text)
                  00006020    00000096                                   : ull_div_t2.asm.obj (.text)
                  000060b6    0000007a                                   : memset_t2.asm.obj (.text)
                  00006130    0000006e                                   : ll_div_t2.asm.obj (.text)
                  0000619e    00000068                                   : copy_decompress_lzss.c.obj (.text:decompress:lzss:__TI_decompress_lzss)
                  00006206    00000002     --HOLE-- [fill = 0]
                  00006208    00000054     GPTM.obj (.text)
                  0000625c    00000044     rtsv7M4_T_le_v4SPD16_eabi.lib : autoinit.c.obj (.text:__TI_auto_init_nobinit_nopinit:__TI_auto_init_nobinit_nopinit)
                  000062a0    00000034                                   : boot_cortex_m.c.obj (.text:_c_int00_noargs:_c_int00_noargs)
                  000062d4    00000018                                   : ll_mul_t2.asm.obj (.text)
                  000062ec    00000016     Det.obj (.text)
                  00006302    0000000e     rtsv7M4_T_le_v4SPD16_eabi.lib : copy_decompress_none.c.obj (.text:decompress:none:__TI_decompress_none)
                  00006310    0000000c                                   : copy_zero_init.c.obj (.text:decompress:ZI:__TI_zero_init)
                  0000631c    0000000c     tm4c123gh6pm_startup_ccs.obj (.text)
                  00006328    00000004     rtsv7M4_T_le_v4SPD16_eabi.lib : pre_init.c.obj (.text:_system_pre_init)
                  0000632c    00000004                                   : exit.c.obj (.text:abort:abort)

.const     0    00006330    00000020     
                  00006330    00000010     Dio_PBcfg.obj (.const:Dio_Configuration)
                  00006340    00000008     port.obj (.const)
                  00006348    00000004     app.obj (.const:APP_NumOfBtnpressToHeatLevel)
                  0000634c    00000004     tasks.obj (.const)

.cinit     0    00006350    000000c8     
                  00006350    0000009f     (.cinit..data.load) [load image, compression = lzss]
                  000063ef    00000001     --HOLE-- [fill = 0]
                  000063f0    0000000c     (__TI_handler_table)
                  000063fc    00000004     --HOLE-- [fill = 0]
                  00006400    00000008     (.cinit..bss.load) [load image, compression = zero_init]
                  00006408    00000010     (__TI_cinit_table)

.init_array 
*          0    00000000    00000000     UNINITIALIZED

.bss       0    20000000    00002110     UNINITIALIZED
                  20000000    00001f40     heap_1.obj (.bss:ucHeap)
                  20001f40    00000064     tasks.obj (.bss:pxReadyTasksLists)
                  20001fa4    0000003c     (.common:FailureLogArr)
                  20001fe0    00000028     (.common:ullTasksInTime)
                  20002008    00000028     (.common:ullTasksOutTime)
                  20002030    00000028     (.common:ullTasksTotalTime)
                  20002058    00000014     timers.obj (.bss:xActiveTimerList1)
                  2000206c    00000014     timers.obj (.bss:xActiveTimerList2)
                  20002080    00000014     tasks.obj (.bss:xDelayedTaskList1)
                  20002094    00000014     tasks.obj (.bss:xDelayedTaskList2)
                  200020a8    00000014     tasks.obj (.bss:xPendingReadyList)
                  200020bc    00000014     tasks.obj (.bss:xTasksWaitingTermination)
                  200020d0    00000008     tasks.obj (.bss)
                  200020d8    00000008     timers.obj (.bss)
                  200020e0    00000004     (.common:BtnPressMangeTasDriverkHandle)
                  200020e4    00000004     (.common:BtnPressMangeTasPassengerkHandle)
                  200020e8    00000004     (.common:CpuLoadMeasurementTaskHandle)
                  200020ec    00000004     (.common:DisplayUpdateTaskHandle)
                  200020f0    00000004     (.common:FailureLoggingTaskHandle)
                  200020f4    00000004     (.common:HeaterControlTaskDriverHandle)
                  200020f8    00000004     (.common:HeaterControlTaskPassengerHandle)
                  200020fc    00000004     (.common:TemperatureMonitorTaskHandle)
                  20002100    00000004     (.common:xDriverButtonSemaphore)
                  20002104    00000004     (.common:xEventGroup)
                  20002108    00000004     (.common:xPassengerButtonSemaphore)
                  2000210c    00000004     (.common:xUARTMutex)

.data      0    20002310    000001d9     UNINITIALIZED
                  20002310    0000015f     Port_PBcfg.obj (.data:port_config)
                  2000246f    00000001     --HOLE--
                  20002470    00000034     tasks.obj (.data)
                  200024a4    0000000d     app.obj (.data)
                  200024b1    00000003     --HOLE--
                  200024b4    0000000c     port.obj (.data)
                  200024c0    0000000c     timers.obj (.data)
                  200024cc    00000008     Port.obj (.data)
                  200024d4    00000008     heap_1.obj (.data)
                  200024dc    00000005     Dio.obj (.data)
                  200024e1    00000004     app.obj (.data:DriverState)
                  200024e5    00000004     app.obj (.data:PassengerState)

.stack     0    20002110    00000200     UNINITIALIZED
                  20002110    00000004     rtsv7M4_T_le_v4SPD16_eabi.lib : boot_cortex_m.c.obj (.stack)
                  20002114    000001fc     --HOLE--

__llvm_prf_cnts 
*          0    20000000    00000000     UNINITIALIZED

MODULE SUMMARY

       Module                         code    ro data   rw data
       ------                         ----    -------   -------
    .\
       app.obj                        2316    4         249    
       main.obj                       744     0         0      
       tm4c123gh6pm_startup_ccs.obj   12      620       0      
       Det.obj                        22      0         0      
    +--+------------------------------+-------+---------+---------+
       Total:                         3094    624       249    
                                                               
    .\FreeRTOS\Source\
       tasks.obj                      7704    4         240    
       queue.obj                      4178    0         0      
       timers.obj                     1980    0         60     
       event_groups.obj               1278    0         0      
       list.obj                       298     0         0      
    +--+------------------------------+-------+---------+---------+
       Total:                         15438   4         300    
                                                               
    .\FreeRTOS\Source\portable\CCS\ARM_CM4F\
       port.obj                       688     8         12     
       portasm.obj                    218     0         0      
    +--+------------------------------+-------+---------+---------+
       Total:                         906     8         12     
                                                               
    .\FreeRTOS\Source\portable\MemMang\
       heap_1.obj                     208     0         8008   
    +--+------------------------------+-------+---------+---------+
       Total:                         208     0         8008   
                                                               
    .\MCAL\ADC\
       adc.obj                        336     0         0      
    +--+------------------------------+-------+---------+---------+
       Total:                         336     0         0      
                                                               
    .\MCAL\DIO\
       Dio.obj                        780     0         5      
       Dio_PBcfg.obj                  0       16        0      
    +--+------------------------------+-------+---------+---------+
       Total:                         780     16        5      
                                                               
    .\MCAL\GPIO\
       gpio.obj                       536     0         0      
    +--+------------------------------+-------+---------+---------+
       Total:                         536     0         0      
                                                               
    .\MCAL\GPTM\
       GPTM.obj                       84      0         0      
    +--+------------------------------+-------+---------+---------+
       Total:                         84      0         0      
                                                               
    .\MCAL\PORT\
       Port.obj                       2104    0         8      
       Port_PBcfg.obj                 0       0         351    
    +--+------------------------------+-------+---------+---------+
       Total:                         2104    0         359    
                                                               
    .\MCAL\UART\
       uart0.obj                      456     0         0      
    +--+------------------------------+-------+---------+---------+
       Total:                         456     0         0      
                                                               
    C:\ti\ccs1260\ccs\tools\compiler\ti-cgt-arm_20.2.7.LTS\lib\rtsv7M4_T_le_v4SPD16_eabi.lib
       memcpy_t2.asm.obj              156     0         0      
       ull_div_t2.asm.obj             150     0         0      
       memset_t2.asm.obj              122     0         0      
       ll_div_t2.asm.obj              110     0         0      
       copy_decompress_lzss.c.obj     104     0         0      
       autoinit.c.obj                 68      0         0      
       boot_cortex_m.c.obj            52      0         0      
       ll_mul_t2.asm.obj              24      0         0      
       copy_decompress_none.c.obj     14      0         0      
       copy_zero_init.c.obj           12      0         0      
       exit.c.obj                     4       0         0      
       pre_init.c.obj                 4       0         0      
       div0.asm.obj                   2       0         0      
    +--+------------------------------+-------+---------+---------+
       Total:                         822     0         0      
                                                               
       Stack:                         0       0         512    
       Linker Generated:              0       195       0      
    +--+------------------------------+-------+---------+---------+
       Grand Total:                   24764   847       9445   


LINKER GENERATED COPY TABLES

__TI_cinit_table @ 00006408 records: 2, size/record: 8, table size: 16
	.data: load addr=00006350, load size=0000009f bytes, run addr=20002310, run size=000001d9 bytes, compression=lzss
	.bss: load addr=00006400, load size=00000008 bytes, run addr=20000000, run size=00002110 bytes, compression=zero_init


LINKER GENERATED HANDLER TABLE

__TI_handler_table @ 000063f0 records: 3, size/record: 4, table size: 12
	index: 0, handler: __TI_decompress_lzss
	index: 1, handler: __TI_decompress_none
	index: 2, handler: __TI_zero_init


GLOBAL SYMBOLS: SORTED ALPHABETICALLY BY Name 

address   name                                          
-------   ----                                          
00005b5d  ADC0_Init                                     
00005ba5  ADC0_ReadChannel                              
00005bdb  ADC1_Init                                     
00005c23  ADC1_ReadChannel                              
200020e0  BtnPressMangeTasDriverkHandle                 
200020e4  BtnPressMangeTasPassengerkHandle              
0000632d  C$$EXIT                                       
200020e8  CpuLoadMeasurementTaskHandle                  
000051e5  Delay_MS                                      
000062ed  Det_ReportError                               
00006330  Dio_Configuration                             
000050b7  Dio_FlipChannel                               
00004ed9  Dio_Init                                      
00004fdd  Dio_ReadChannel                               
00004efd  Dio_WriteChannel                              
200020ec  DisplayUpdateTaskHandle                       
200024e1  DriverState                                   
20001fa4  FailureLogArr                                 
200020f0  FailureLoggingTaskHandle                      
0000537d  GPIOPortF_Handler                             
0000577d  GPIO_BuiltinButtonsLedsInit                   
0000588d  GPIO_ExternalLEDSPASSENGER                    
000058d3  GPIO_ExtraExternalButtonTriggeredInterruptInit
000057f1  GPIO_SW1EdgeTriggeredInterruptInit            
0000583f  GPIO_SW2EdgeTriggeredInterruptInit            
00006209  GPTM_WTimer0Init                              
00006239  GPTM_WTimer0Read                              
200020f4  HeaterControlTaskDriverHandle                 
200020f8  HeaterControlTaskPassengerHandle              
200024e5  PassengerState                                
000039e5  Port_Init                                     
00004091  Port_RefreshPortDirection                     
00003dcd  Port_SetPinDirection                          
00003f3b  Port_SetPinMode                               
0000631d  ResetISR                                      
200020fc  TemperatureMonitorTaskHandle                  
000059eb  UART0_Init                                    
00005a47  UART0_ReceiveByte                             
00005a2b  UART0_SendByte                                
00005a7d  UART0_SendInteger                             
00005a57  UART0_SendString                              
20002310  __STACK_END                                   
00000200  __STACK_SIZE                                  
20002310  __STACK_TOP                                   
00006408  __TI_CINIT_Base                               
00006418  __TI_CINIT_Limit                              
000063f0  __TI_Handler_Table_Base                       
000063fc  __TI_Handler_Table_Limit                      
0000625d  __TI_auto_init_nobinit_nopinit                
0000619f  __TI_decompress_lzss                          
00006303  __TI_decompress_none                          
ffffffff  __TI_pprof_out_hndl                           
ffffffff  __TI_prof_data_size                           
ffffffff  __TI_prof_data_start                          
00000000  __TI_static_base__                            
00006311  __TI_zero_init                                
000030d7  __aeabi_idiv0                                 
000030d7  __aeabi_ldiv0                                 
00006131  __aeabi_ldivmod                               
000062d5  __aeabi_lmul                                  
000060b7  __aeabi_memclr                                
000060b7  __aeabi_memclr4                               
000060b7  __aeabi_memclr8                               
00005f85  __aeabi_memcpy                                
00005f85  __aeabi_memcpy4                               
00005f85  __aeabi_memcpy8                               
000060b9  __aeabi_memset                                
000060b9  __aeabi_memset4                               
000060b9  __aeabi_memset8                               
00006021  __aeabi_uldivmod                              
ffffffff  __binit__                                     
ffffffff  __c_args__                                    
UNDEFED   __mpu_init                                    
20002110  __stack                                       
20000000  __start___llvm_prf_cnts                       
20000000  __stop___llvm_prf_cnts                        
000062a1  _c_int00_noargs                               
UNDEFED   _system_post_cinit                            
00006329  _system_pre_init                              
0000632d  abort                                         
ffffffff  binit                                         
00000000  g_pfnVectors                                  
00005225  main                                          
00005f85  memcpy                                        
000060bf  memset                                        
00000957  pcTaskGetName                                 
00004481  pcTimerGetName                                
20002310  port_config                                   
00005eb5  pvPortMalloc                                  
0000178b  pvTaskIncrementMutexHeldCount                 
000048e5  pvTimerGetTimerID                             
20002470  pxCurrentTCB                                  
000054cd  pxPortInitialiseStack                         
200024a8  u32DriverSeat_CurrTemp                        
200024ac  u32PassengerSeat_CurrTemp                     
00006340  ulMaxSyscallInterruptPriority                 
00005de9  ulPortGetIPSR                                 
000017a3  ulTaskGenericNotifyTake                       
00001f9d  ulTaskGenericNotifyValueClear                 
20001fe0  ullTasksInTime                                
20002008  ullTasksOutTime                               
20002030  ullTasksTotalTime                             
00005d8f  uxListRemove                                  
00002d51  uxQueueMessagesWaiting                        
00002daf  uxQueueMessagesWaitingFromISR                 
00002d7b  uxQueueSpacesAvailable                        
00000951  uxTaskGetNumberOfTasks                        
00001769  uxTaskResetEventItemValue                     
00004447  uxTimerGetReloadMode                          
0000634c  uxTopUsedPriority                             
000030d9  vBtnPressMangeTask                            
0000350d  vDisplayUpdateTask                            
00004e91  vEventGroupClearBitsCallback                  
00004e17  vEventGroupDelete                             
00004e81  vEventGroupSetBitsCallback                    
00003895  vFailureLoggingTask                           
00003311  vHeaterControlTask                            
00005cad  vListInitialise                               
00005cdd  vListInitialiseItem                           
00005d29  vListInsert                                   
00005ced  vListInsertEnd                                
00005ea5  vPortEnableVFP                                
00005611  vPortEndScheduler                             
00005635  vPortEnterCritical                            
00005677  vPortExitCritical                             
00005f41  vPortFree                                     
00005f65  vPortInitialiseBlocks                         
00005e61  vPortSVCHandler                               
000056c9  vPortSetupTimerInterrupt                      
00005e81  vPortStartFirstTask                           
000056e5  vPortValidateInterruptPriority                
00002dd9  vQueueDelete                                  
0000307b  vQueueWaitForMessageRestricted                
00000685  vTaskDelay                                    
000004bf  vTaskDelete                                   
00000757  vTaskEndScheduler                             
00001d85  vTaskGenericNotifyGiveFromISR                 
000011bd  vTaskInternalSetTimeOutState                  
00001281  vTaskMissedYield                              
00000d87  vTaskPlaceOnEventList                         
00000e65  vTaskPlaceOnEventListRestricted               
00000dc5  vTaskPlaceOnUnorderedEventList                
0000161d  vTaskPriorityDisinheritAfterTimeout           
00001051  vTaskRemoveFromUnorderedEventList             
00000be9  vTaskSetApplicationTaskTag                    
0000118b  vTaskSetTimeOutState                          
000006e1  vTaskStartScheduler                           
00000773  vTaskSuspendAll                               
00000cbd  vTaskSwitchContext                            
0000313f  vTemperatureMonitorTask                       
000043c1  vTimerSetReloadMode                           
00004913  vTimerSetTimerID                              
000036c5  vcpuLoadMeasurementTask                       
20002100  xDriverButtonSemaphore                        
20002104  xEventGroup                                   
00004c8b  xEventGroupClearBits                          
000049d9  xEventGroupCreate                             
00004ce9  xEventGroupGetBitsFromISR                     
00004d1d  xEventGroupSetBits                            
000049f9  xEventGroupSync                               
00004b2b  xEventGroupWaitBits                           
20002108  xPassengerButtonSemaphore                     
00005f6d  xPortGetFreeHeapSize                          
00005e01  xPortPendSVHandler                            
00005559  xPortStartScheduler                           
000056a3  xPortSysTickHandler                           
00002297  xQueueCreateCountingSemaphore                 
0000226b  xQueueCreateMutex                             
00002185  xQueueGenericCreate                           
00002085  xQueueGenericReset                            
000022e1  xQueueGenericSend                             
00002495  xQueueGenericSendFromISR                      
000025d1  xQueueGiveFromISR                             
00002fe7  xQueueIsQueueEmptyFromISR                     
00003041  xQueueIsQueueFullFromISR                      
00002a1d  xQueuePeek                                    
00002ca1  xQueuePeekFromISR                             
000026ef  xQueueReceive                                 
00002b9b  xQueueReceiveFromISR                          
00002867  xQueueSemaphoreTake                           
00000c73  xTaskCallApplicationTaskHook                  
000009a1  xTaskCatchUpTicks                             
000011e5  xTaskCheckForTimeOut                          
0000026d  xTaskCreate                                   
00000593  xTaskDelayUntil                               
00001949  xTaskGenericNotify                            
00001b2f  xTaskGenericNotifyFromISR                     
00001f35  xTaskGenericNotifyStateClear                  
00001861  xTaskGenericNotifyWait                        
00000c0f  xTaskGetApplicationTaskTag                    
00000c39  xTaskGetApplicationTaskTagFromISR             
00001389  xTaskGetCurrentTaskHandle                     
00001399  xTaskGetSchedulerState                        
0000092d  xTaskGetTickCount                             
0000093d  xTaskGetTickCountFromISR                      
00000a0d  xTaskIncrementTick                            
00001509  xTaskPriorityDisinherit                       
000013c9  xTaskPriorityInherit                          
00000ee5  xTaskRemoveFromEventList                      
00000789  xTaskResumeAll                                
0000425b  xTimerCreate                                  
0000421d  xTimerCreateTimerTask                         
000042f9  xTimerGenericCommand                          
00004453  xTimerGetExpiryTime                           
0000439b  xTimerGetPeriod                               
0000440b  xTimerGetReloadMode                           
00004379  xTimerGetTimerDaemonTaskHandle                
000048a9  xTimerIsTimerActive                           
00004977  xTimerPendFunctionCall                        
00004941  xTimerPendFunctionCallFromISR                 
2000210c  xUARTMutex                                    


GLOBAL SYMBOLS: SORTED BY Symbol Address 

address   name                                          
-------   ----                                          
00000000  __TI_static_base__                            
00000000  g_pfnVectors                                  
00000200  __STACK_SIZE                                  
0000026d  xTaskCreate                                   
000004bf  vTaskDelete                                   
00000593  xTaskDelayUntil                               
00000685  vTaskDelay                                    
000006e1  vTaskStartScheduler                           
00000757  vTaskEndScheduler                             
00000773  vTaskSuspendAll                               
00000789  xTaskResumeAll                                
0000092d  xTaskGetTickCount                             
0000093d  xTaskGetTickCountFromISR                      
00000951  uxTaskGetNumberOfTasks                        
00000957  pcTaskGetName                                 
000009a1  xTaskCatchUpTicks                             
00000a0d  xTaskIncrementTick                            
00000be9  vTaskSetApplicationTaskTag                    
00000c0f  xTaskGetApplicationTaskTag                    
00000c39  xTaskGetApplicationTaskTagFromISR             
00000c73  xTaskCallApplicationTaskHook                  
00000cbd  vTaskSwitchContext                            
00000d87  vTaskPlaceOnEventList                         
00000dc5  vTaskPlaceOnUnorderedEventList                
00000e65  vTaskPlaceOnEventListRestricted               
00000ee5  xTaskRemoveFromEventList                      
00001051  vTaskRemoveFromUnorderedEventList             
0000118b  vTaskSetTimeOutState                          
000011bd  vTaskInternalSetTimeOutState                  
000011e5  xTaskCheckForTimeOut                          
00001281  vTaskMissedYield                              
00001389  xTaskGetCurrentTaskHandle                     
00001399  xTaskGetSchedulerState                        
000013c9  xTaskPriorityInherit                          
00001509  xTaskPriorityDisinherit                       
0000161d  vTaskPriorityDisinheritAfterTimeout           
00001769  uxTaskResetEventItemValue                     
0000178b  pvTaskIncrementMutexHeldCount                 
000017a3  ulTaskGenericNotifyTake                       
00001861  xTaskGenericNotifyWait                        
00001949  xTaskGenericNotify                            
00001b2f  xTaskGenericNotifyFromISR                     
00001d85  vTaskGenericNotifyGiveFromISR                 
00001f35  xTaskGenericNotifyStateClear                  
00001f9d  ulTaskGenericNotifyValueClear                 
00002085  xQueueGenericReset                            
00002185  xQueueGenericCreate                           
0000226b  xQueueCreateMutex                             
00002297  xQueueCreateCountingSemaphore                 
000022e1  xQueueGenericSend                             
00002495  xQueueGenericSendFromISR                      
000025d1  xQueueGiveFromISR                             
000026ef  xQueueReceive                                 
00002867  xQueueSemaphoreTake                           
00002a1d  xQueuePeek                                    
00002b9b  xQueueReceiveFromISR                          
00002ca1  xQueuePeekFromISR                             
00002d51  uxQueueMessagesWaiting                        
00002d7b  uxQueueSpacesAvailable                        
00002daf  uxQueueMessagesWaitingFromISR                 
00002dd9  vQueueDelete                                  
00002fe7  xQueueIsQueueEmptyFromISR                     
00003041  xQueueIsQueueFullFromISR                      
0000307b  vQueueWaitForMessageRestricted                
000030d7  __aeabi_idiv0                                 
000030d7  __aeabi_ldiv0                                 
000030d9  vBtnPressMangeTask                            
0000313f  vTemperatureMonitorTask                       
00003311  vHeaterControlTask                            
0000350d  vDisplayUpdateTask                            
000036c5  vcpuLoadMeasurementTask                       
00003895  vFailureLoggingTask                           
000039e5  Port_Init                                     
00003dcd  Port_SetPinDirection                          
00003f3b  Port_SetPinMode                               
00004091  Port_RefreshPortDirection                     
0000421d  xTimerCreateTimerTask                         
0000425b  xTimerCreate                                  
000042f9  xTimerGenericCommand                          
00004379  xTimerGetTimerDaemonTaskHandle                
0000439b  xTimerGetPeriod                               
000043c1  vTimerSetReloadMode                           
0000440b  xTimerGetReloadMode                           
00004447  uxTimerGetReloadMode                          
00004453  xTimerGetExpiryTime                           
00004481  pcTimerGetName                                
000048a9  xTimerIsTimerActive                           
000048e5  pvTimerGetTimerID                             
00004913  vTimerSetTimerID                              
00004941  xTimerPendFunctionCallFromISR                 
00004977  xTimerPendFunctionCall                        
000049d9  xEventGroupCreate                             
000049f9  xEventGroupSync                               
00004b2b  xEventGroupWaitBits                           
00004c8b  xEventGroupClearBits                          
00004ce9  xEventGroupGetBitsFromISR                     
00004d1d  xEventGroupSetBits                            
00004e17  vEventGroupDelete                             
00004e81  vEventGroupSetBitsCallback                    
00004e91  vEventGroupClearBitsCallback                  
00004ed9  Dio_Init                                      
00004efd  Dio_WriteChannel                              
00004fdd  Dio_ReadChannel                               
000050b7  Dio_FlipChannel                               
000051e5  Delay_MS                                      
00005225  main                                          
0000537d  GPIOPortF_Handler                             
000054cd  pxPortInitialiseStack                         
00005559  xPortStartScheduler                           
00005611  vPortEndScheduler                             
00005635  vPortEnterCritical                            
00005677  vPortExitCritical                             
000056a3  xPortSysTickHandler                           
000056c9  vPortSetupTimerInterrupt                      
000056e5  vPortValidateInterruptPriority                
0000577d  GPIO_BuiltinButtonsLedsInit                   
000057f1  GPIO_SW1EdgeTriggeredInterruptInit            
0000583f  GPIO_SW2EdgeTriggeredInterruptInit            
0000588d  GPIO_ExternalLEDSPASSENGER                    
000058d3  GPIO_ExtraExternalButtonTriggeredInterruptInit
000059eb  UART0_Init                                    
00005a2b  UART0_SendByte                                
00005a47  UART0_ReceiveByte                             
00005a57  UART0_SendString                              
00005a7d  UART0_SendInteger                             
00005b5d  ADC0_Init                                     
00005ba5  ADC0_ReadChannel                              
00005bdb  ADC1_Init                                     
00005c23  ADC1_ReadChannel                              
00005cad  vListInitialise                               
00005cdd  vListInitialiseItem                           
00005ced  vListInsertEnd                                
00005d29  vListInsert                                   
00005d8f  uxListRemove                                  
00005de9  ulPortGetIPSR                                 
00005e01  xPortPendSVHandler                            
00005e61  vPortSVCHandler                               
00005e81  vPortStartFirstTask                           
00005ea5  vPortEnableVFP                                
00005eb5  pvPortMalloc                                  
00005f41  vPortFree                                     
00005f65  vPortInitialiseBlocks                         
00005f6d  xPortGetFreeHeapSize                          
00005f85  __aeabi_memcpy                                
00005f85  __aeabi_memcpy4                               
00005f85  __aeabi_memcpy8                               
00005f85  memcpy                                        
00006021  __aeabi_uldivmod                              
000060b7  __aeabi_memclr                                
000060b7  __aeabi_memclr4                               
000060b7  __aeabi_memclr8                               
000060b9  __aeabi_memset                                
000060b9  __aeabi_memset4                               
000060b9  __aeabi_memset8                               
000060bf  memset                                        
00006131  __aeabi_ldivmod                               
0000619f  __TI_decompress_lzss                          
00006209  GPTM_WTimer0Init                              
00006239  GPTM_WTimer0Read                              
0000625d  __TI_auto_init_nobinit_nopinit                
000062a1  _c_int00_noargs                               
000062d5  __aeabi_lmul                                  
000062ed  Det_ReportError                               
00006303  __TI_decompress_none                          
00006311  __TI_zero_init                                
0000631d  ResetISR                                      
00006329  _system_pre_init                              
0000632d  C$$EXIT                                       
0000632d  abort                                         
00006330  Dio_Configuration                             
00006340  ulMaxSyscallInterruptPriority                 
0000634c  uxTopUsedPriority                             
000063f0  __TI_Handler_Table_Base                       
000063fc  __TI_Handler_Table_Limit                      
00006408  __TI_CINIT_Base                               
00006418  __TI_CINIT_Limit                              
20000000  __start___llvm_prf_cnts                       
20000000  __stop___llvm_prf_cnts                        
20001fa4  FailureLogArr                                 
20001fe0  ullTasksInTime                                
20002008  ullTasksOutTime                               
20002030  ullTasksTotalTime                             
200020e0  BtnPressMangeTasDriverkHandle                 
200020e4  BtnPressMangeTasPassengerkHandle              
200020e8  CpuLoadMeasurementTaskHandle                  
200020ec  DisplayUpdateTaskHandle                       
200020f0  FailureLoggingTaskHandle                      
200020f4  HeaterControlTaskDriverHandle                 
200020f8  HeaterControlTaskPassengerHandle              
200020fc  TemperatureMonitorTaskHandle                  
20002100  xDriverButtonSemaphore                        
20002104  xEventGroup                                   
20002108  xPassengerButtonSemaphore                     
2000210c  xUARTMutex                                    
20002110  __stack                                       
20002310  __STACK_END                                   
20002310  __STACK_TOP                                   
20002310  port_config                                   
20002470  pxCurrentTCB                                  
200024a8  u32DriverSeat_CurrTemp                        
200024ac  u32PassengerSeat_CurrTemp                     
200024e1  DriverState                                   
200024e5  PassengerState                                
ffffffff  __TI_pprof_out_hndl                           
ffffffff  __TI_prof_data_size                           
ffffffff  __TI_prof_data_start                          
ffffffff  __binit__                                     
ffffffff  __c_args__                                    
ffffffff  binit                                         
UNDEFED   __mpu_init                                    
UNDEFED   _system_post_cinit                            

[211 symbols]
